Archive member included to satisfy reference by file (symbol)

.pio/build/bluepill_f103c8/libFrameworkArduino.a(main.cpp.o)
                              /home/k1mch1/.platformio/packages/toolchain-gccarmnoneeabi/bin/../lib/gcc/arm-none-eabi/12.3.1/../../../../arm-none-eabi/lib/thumb/v7-m/nofp/crt0.o (main)
.pio/build/bluepill_f103c8/libFrameworkArduino.a(pins_arduino.c.o)
                              .pio/build/bluepill_f103c8/SrcWrapper/src/HardwareTimer.cpp.o (pinNametoDigitalPin)
.pio/build/bluepill_f103c8/libFrameworkArduino.a(startup_stm32yyxx.S.o)
                              (Reset_Handler)
.pio/build/bluepill_f103c8/libFrameworkArduino.a(wiring_digital.c.o)
                              .pio/build/bluepill_f103c8/SrcWrapper/src/HardwareTimer.cpp.o (pinMode)
.pio/build/bluepill_f103c8/libFrameworkArduino.a(wiring_time.c.o)
                              .pio/build/bluepill_f103c8/src/experiments/005servoJerkyHypothesis.cpp.o (delay)
.pio/build/bluepill_f103c8/libFrameworkArduino.a(WSerial.cpp.o)
                              .pio/build/bluepill_f103c8/libFrameworkArduino.a(main.cpp.o) (serialEventRun())
.pio/build/bluepill_f103c8/libFrameworkArduino.a(board.c.o)
                              .pio/build/bluepill_f103c8/libFrameworkArduino.a(main.cpp.o) (init)
.pio/build/bluepill_f103c8/libFrameworkArduino.a(hooks.c.o)
                              .pio/build/bluepill_f103c8/libFrameworkArduino.a(wiring_time.c.o) (yield)
.pio/build/bluepill_f103c8/libFrameworkArduino.a(wiring_analog.c.o)
                              .pio/build/bluepill_f103c8/libFrameworkArduino.a(wiring_digital.c.o) (g_anOutputPinConfigured)
.pio/build/bluepill_f103c8/libFrameworkArduino.a(HardwareSerial.cpp.o)
                              .pio/build/bluepill_f103c8/libFrameworkArduino.a(WSerial.cpp.o) (HardwareSerial::available())
.pio/build/bluepill_f103c8/libFrameworkArduino.a(Stream.cpp.o)
                              .pio/build/bluepill_f103c8/libFrameworkArduino.a(HardwareSerial.cpp.o) (Stream::readBytes(char*, unsigned int))
.pio/build/bluepill_f103c8/libFrameworkArduino.a(WString.cpp.o)
                              .pio/build/bluepill_f103c8/libFrameworkArduino.a(Stream.cpp.o) (String::String(char const*))
.pio/build/bluepill_f103c8/libFrameworkArduino.a(dtostrf.c.o)
                              .pio/build/bluepill_f103c8/libFrameworkArduino.a(WString.cpp.o) (dtostrf)
.pio/build/bluepill_f103c8/libFrameworkArduino.a(itoa.c.o)
                              .pio/build/bluepill_f103c8/libFrameworkArduino.a(WString.cpp.o) (ltoa)
.pio/build/bluepill_f103c8/libFrameworkArduino.a(Print.cpp.o)
                              .pio/build/bluepill_f103c8/libFrameworkArduino.a(Stream.cpp.o) (Print::write(unsigned char const*, unsigned int))
/home/k1mch1/.platformio/packages/toolchain-gccarmnoneeabi/bin/../lib/gcc/arm-none-eabi/12.3.1/thumb/v7-m/nofp/libgcc.a(_arm_muldf3.o)
                              .pio/build/bluepill_f103c8/SrcWrapper/src/HardwareTimer.cpp.o (__aeabi_dmul)
/home/k1mch1/.platformio/packages/toolchain-gccarmnoneeabi/bin/../lib/gcc/arm-none-eabi/12.3.1/thumb/v7-m/nofp/libgcc.a(_arm_mulsf3.o)
                              .pio/build/bluepill_f103c8/src/experiments/005servoJerkyHypothesis.cpp.o (__aeabi_fmul)
/home/k1mch1/.platformio/packages/toolchain-gccarmnoneeabi/bin/../lib/gcc/arm-none-eabi/12.3.1/thumb/v7-m/nofp/libgcc.a(_arm_addsubdf3.o)
                              .pio/build/bluepill_f103c8/libFrameworkArduino.a(dtostrf.c.o) (__aeabi_dsub)
/home/k1mch1/.platformio/packages/toolchain-gccarmnoneeabi/bin/../lib/gcc/arm-none-eabi/12.3.1/thumb/v7-m/nofp/libgcc.a(_arm_muldivdf3.o)
                              .pio/build/bluepill_f103c8/SrcWrapper/src/HardwareTimer.cpp.o (__aeabi_ddiv)
/home/k1mch1/.platformio/packages/toolchain-gccarmnoneeabi/bin/../lib/gcc/arm-none-eabi/12.3.1/thumb/v7-m/nofp/libgcc.a(_arm_cmpdf2.o)
                              .pio/build/bluepill_f103c8/libFrameworkArduino.a(dtostrf.c.o) (__aeabi_dcmplt)
/home/k1mch1/.platformio/packages/toolchain-gccarmnoneeabi/bin/../lib/gcc/arm-none-eabi/12.3.1/thumb/v7-m/nofp/libgcc.a(_arm_unorddf2.o)
                              .pio/build/bluepill_f103c8/libFrameworkArduino.a(Print.cpp.o) (__aeabi_dcmpun)
/home/k1mch1/.platformio/packages/toolchain-gccarmnoneeabi/bin/../lib/gcc/arm-none-eabi/12.3.1/thumb/v7-m/nofp/libgcc.a(_arm_fixdfsi.o)
                              .pio/build/bluepill_f103c8/libFrameworkArduino.a(dtostrf.c.o) (__aeabi_d2iz)
/home/k1mch1/.platformio/packages/toolchain-gccarmnoneeabi/bin/../lib/gcc/arm-none-eabi/12.3.1/thumb/v7-m/nofp/libgcc.a(_arm_fixunsdfsi.o)
                              .pio/build/bluepill_f103c8/SrcWrapper/src/HardwareTimer.cpp.o (__aeabi_d2uiz)
/home/k1mch1/.platformio/packages/toolchain-gccarmnoneeabi/bin/../lib/gcc/arm-none-eabi/12.3.1/thumb/v7-m/nofp/libgcc.a(_arm_truncdfsf2.o)
                              .pio/build/bluepill_f103c8/libFrameworkArduino.a(Stream.cpp.o) (__aeabi_d2f)
[...]
Memory Configuration

Name             Origin             Length             Attributes
*default*        0x00000000         0xffffffff
RAM              0x20000000         0x00005000         xrw
FLASH            0x08000000         0x00010000         xr

Linker script and memory map

                0x20005000                        _estack = (ORIGIN (RAM) + LENGTH (RAM))
                0x00000200                        _Min_Heap_Size = 0x200
                0x00000400                        _Min_Stack_Size = 0x400

.isr_vector     0x08000000      0x10c
                0x08000000                        . = ALIGN (0x4)
 *(.isr_vector)
 .isr_vector    0x08000000      0x10c .pio/build/bluepill_f103c8/libFrameworkArduino.a(startup_stm32yyxx.S.o)
                0x08000000                g_pfnVectors
                0x0800010c                        . = ALIGN (0x4)

.text           0x08000110     0x4128
                0x08000110                        . = ALIGN (0x4)
 *(.text)
 .text          0x08000110      0x21c /home/k1mch1/.platformio/packages/toolchain-gccarmnoneeabi/bin/../lib/gcc/arm-none-eabi/12.3.1/thumb/v7-m/nofp/libgcc.a(_arm_addsubsf3.o)
                0x08000110                __aeabi_frsub
                0x08000118                __subsf3
                0x08000118                __aeabi_fsub
                0x0800011c                __aeabi_fadd
                0x0800011c                __addsf3
                0x0800027c                __aeabi_ui2f
                0x0800027c                __floatunsisf
                0x08000284                __aeabi_i2f
                0x08000284                __floatsisf
                0x080002a0                __floatundisf
                0x080002a0                __aeabi_ul2f
                0x080002b0                __floatdisf
                0x080002b0                __aeabi_l2f
 .text          0x0800032c      0x2a0 /home/k1mch1/.platformio/packages/toolchain-gccarmnoneeabi/bin/../lib/gcc/arm-none-eabi/12.3.1/thumb/v7-m/nofp/libgcc.a(_arm_muldivsf3.o)
                0x0800032c                __mulsf3
                0x0800032c                __aeabi_fmul
                0x08000494                __divsf3
                0x08000494                __aeabi_fdiv
 .text          0x080005cc       0x40 /home/k1mch1/.platformio/packages/toolchain-gccarmnoneeabi/bin/../lib/gcc/arm-none-eabi/12.3.1/thumb/v7-m/nofp/libgcc.a(_arm_fixunssfsi.o)
                0x080005cc                __aeabi_f2uiz
                0x080005cc                __fixunssfsi
 *(.text*)
 .text.__do_global_dtors_aux
                0x0800060c       0x24 /home/k1mch1/.platformio/packages/toolchain-gccarmnoneeabi/bin/../lib/gcc/arm-none-eabi/12.3.1/thumb/v7-m/nofp/crtbegin.o
 .text.frame_dummy
                0x08000630       0x1c /home/k1mch1/.platformio/packages/toolchain-gccarmnoneeabi/bin/../lib/gcc/arm-none-eabi/12.3.1/thumb/v7-m/nofp/crtbegin.o
 .text.SystemClock_Config
                0x0800064c       0x7c .pio/build/bluepill_f103c8/FrameworkArduinoVariant/variant_PILL_F103Cx.cpp.o
                0x0800064c                SystemClock_Config
 .text.HAL_MspInit
                0x080006c8        0x2 .pio/build/bluepill_f103c8/SrcWrapper/src/HAL/stm32yyxx_hal.c.o
                0x080006c8                HAL_MspInit
 *fill*         0x080006ca        0x2 
 .text.HAL_InitTick
                0x080006cc       0x48 .pio/build/bluepill_f103c8/SrcWrapper/src/HAL/stm32yyxx_hal.c.o
                0x080006cc                HAL_InitTick
 .text.HAL_Init
                0x08000714       0x24 .pio/build/bluepill_f103c8/SrcWrapper/src/HAL/stm32yyxx_hal.c.o
                0x08000714                HAL_Init
 .text.HAL_IncTick
                0x08000738       0x18 .pio/build/bluepill_f103c8/SrcWrapper/src/HAL/stm32yyxx_hal.c.o
                0x08000738                HAL_IncTick
 .text.HAL_GetTick
                0x08000750        0xc .pio/build/bluepill_f103c8/SrcWrapper/src/HAL/stm32yyxx_hal.c.o
                0x08000750                HAL_GetTick
 .text.HAL_NVIC_SetPriorityGrouping
                0x0800075c       0x24 .pio/build/bluepill_f103c8/SrcWrapper/src/HAL/stm32yyxx_hal_cortex.c.o
                0x0800075c                HAL_NVIC_SetPriorityGrouping
 .text.HAL_NVIC_SetPriority
                0x08000780       0x60 .pio/build/bluepill_f103c8/SrcWrapper/src/HAL/stm32yyxx_hal_cortex.c.o
                0x08000780                HAL_NVIC_SetPriority
 .text.HAL_NVIC_EnableIRQ
                0x080007e0       0x1c .pio/build/bluepill_f103c8/SrcWrapper/src/HAL/stm32yyxx_hal_cortex.c.o
                0x080007e0                HAL_NVIC_EnableIRQ
 .text.HAL_NVIC_DisableIRQ
                0x080007fc       0x24 .pio/build/bluepill_f103c8/SrcWrapper/src/HAL/stm32yyxx_hal_cortex.c.o
                0x080007fc                HAL_NVIC_DisableIRQ
 .text.HAL_SYSTICK_Config
                0x08000820       0x28 .pio/build/bluepill_f103c8/SrcWrapper/src/HAL/stm32yyxx_hal_cortex.c.o
                0x08000820                HAL_SYSTICK_Config
 .text.HAL_NVIC_ClearPendingIRQ
                0x08000848       0x1c .pio/build/bluepill_f103c8/SrcWrapper/src/HAL/stm32yyxx_hal_cortex.c.o
                0x08000848                HAL_NVIC_ClearPendingIRQ
 .text.HAL_SYSTICK_Callback
                0x08000864        0x2 .pio/build/bluepill_f103c8/SrcWrapper/src/HAL/stm32yyxx_hal_cortex.c.o
                0x08000864                HAL_SYSTICK_Callback
 .text.HAL_SYSTICK_IRQHandler
                0x08000866        0x8 .pio/build/bluepill_f103c8/SrcWrapper/src/HAL/stm32yyxx_hal_cortex.c.o
                0x08000866                HAL_SYSTICK_IRQHandler
 .text.HAL_CRC_MspInit
                0x0800086e        0x2 .pio/build/bluepill_f103c8/SrcWrapper/src/HAL/stm32yyxx_hal_crc.c.o
                0x0800086e                HAL_CRC_MspInit
 .text.HAL_CRC_Init
                0x08000870       0x20 .pio/build/bluepill_f103c8/SrcWrapper/src/HAL/stm32yyxx_hal_crc.c.o
                0x08000870                HAL_CRC_Init
 .text.HAL_DMA_Abort
                0x08000890       0x3e .pio/build/bluepill_f103c8/SrcWrapper/src/HAL/stm32yyxx_hal_dma.c.o
                0x08000890                HAL_DMA_Abort
 *fill*         0x080008ce        0x2 
 .text.HAL_DMA_Abort_IT
                0x080008d0       0x8c .pio/build/bluepill_f103c8/SrcWrapper/src/HAL/stm32yyxx_hal_dma.c.o
                0x080008d0                HAL_DMA_Abort_IT
 .text.HAL_GPIO_EXTI_IRQHandler
                0x0800095c       0x18 .pio/build/bluepill_f103c8/SrcWrapper/src/HAL/stm32yyxx_hal_gpio.c.o
                0x0800095c                HAL_GPIO_EXTI_IRQHandler
 .text.HAL_RCC_OscConfig
                0x08000974      0x338 .pio/build/bluepill_f103c8/SrcWrapper/src/HAL/stm32yyxx_hal_rcc.c.o
                0x08000974                HAL_RCC_OscConfig
 .text.HAL_RCC_GetSysClockFreq
                0x08000cac       0x4c .pio/build/bluepill_f103c8/SrcWrapper/src/HAL/stm32yyxx_hal_rcc.c.o
                0x08000cac                HAL_RCC_GetSysClockFreq
 .text.HAL_RCC_ClockConfig
                0x08000cf8      0x138 .pio/build/bluepill_f103c8/SrcWrapper/src/HAL/stm32yyxx_hal_rcc.c.o
                0x08000cf8                HAL_RCC_ClockConfig
 .text.HAL_RCC_GetPCLK1Freq
                0x08000e30       0x20 .pio/build/bluepill_f103c8/SrcWrapper/src/HAL/stm32yyxx_hal_rcc.c.o
                0x08000e30                HAL_RCC_GetPCLK1Freq
 .text.HAL_RCC_GetPCLK2Freq
                0x08000e50       0x20 .pio/build/bluepill_f103c8/SrcWrapper/src/HAL/stm32yyxx_hal_rcc.c.o
                0x08000e50                HAL_RCC_GetPCLK2Freq
 .text.HAL_RCC_GetClockConfig
                0x08000e70       0x3c .pio/build/bluepill_f103c8/SrcWrapper/src/HAL/stm32yyxx_hal_rcc.c.o
                0x08000e70                HAL_RCC_GetClockConfig
 .text.HAL_RCCEx_PeriphCLKConfig
                0x08000eac       0xf4 .pio/build/bluepill_f103c8/SrcWrapper/src/HAL/stm32yyxx_hal_rcc_ex.c.o
                0x08000eac                HAL_RCCEx_PeriphCLKConfig
 .text.TIM_OC1_SetConfig
                0x08000fa0       0x50 .pio/build/bluepill_f103c8/SrcWrapper/src/HAL/stm32yyxx_hal_tim.c.o
 .text.TIM_OC3_SetConfig
                0x08000ff0       0x54 .pio/build/bluepill_f103c8/SrcWrapper/src/HAL/stm32yyxx_hal_tim.c.o
 .text.TIM_OC4_SetConfig
                0x08001044       0x44 .pio/build/bluepill_f103c8/SrcWrapper/src/HAL/stm32yyxx_hal_tim.c.o
 .text.HAL_TIM_Base_Start
                0x08001088       0x4c .pio/build/bluepill_f103c8/SrcWrapper/src/HAL/stm32yyxx_hal_tim.c.o
                0x08001088                HAL_TIM_Base_Start
 .text.HAL_TIM_GenerateEvent
                0x080010d4       0x24 .pio/build/bluepill_f103c8/SrcWrapper/src/HAL/stm32yyxx_hal_tim.c.o
                0x080010d4                HAL_TIM_GenerateEvent
 .text.HAL_TIM_PWM_PulseFinishedCallback
                0x080010f8        0x2 .pio/build/bluepill_f103c8/SrcWrapper/src/HAL/stm32yyxx_hal_tim.c.o
                0x080010f8                HAL_TIM_PWM_PulseFinishedCallback
 .text.HAL_TIM_TriggerCallback
                0x080010fa        0x2 .pio/build/bluepill_f103c8/SrcWrapper/src/HAL/stm32yyxx_hal_tim.c.o
                0x080010fa                HAL_TIM_TriggerCallback
 .text.HAL_TIM_IRQHandler
                0x080010fc      0x128 .pio/build/bluepill_f103c8/SrcWrapper/src/HAL/stm32yyxx_hal_tim.c.o
                0x080010fc                HAL_TIM_IRQHandler
 .text.TIM_Base_SetConfig
                0x08001224       0x64 .pio/build/bluepill_f103c8/SrcWrapper/src/HAL/stm32yyxx_hal_tim.c.o
                0x08001224                TIM_Base_SetConfig
 .text.HAL_TIM_Base_Init
                0x08001288       0x58 .pio/build/bluepill_f103c8/SrcWrapper/src/HAL/stm32yyxx_hal_tim.c.o
                0x08001288                HAL_TIM_Base_Init
 .text.TIM_OC2_SetConfig
                0x080012e0       0x58 .pio/build/bluepill_f103c8/SrcWrapper/src/HAL/stm32yyxx_hal_tim.c.o
                0x080012e0                TIM_OC2_SetConfig
 .text.HAL_TIM_OC_ConfigChannel
                0x08001338       0x4c .pio/build/bluepill_f103c8/SrcWrapper/src/HAL/stm32yyxx_hal_tim.c.o
                0x08001338                HAL_TIM_OC_ConfigChannel
 .text.HAL_TIM_PWM_ConfigChannel
                0x08001384       0xb0 .pio/build/bluepill_f103c8/SrcWrapper/src/HAL/stm32yyxx_hal_tim.c.o
                0x08001384                HAL_TIM_PWM_ConfigChannel
 .text.TIM_TI1_SetConfig
                0x08001434       0x54 .pio/build/bluepill_f103c8/SrcWrapper/src/HAL/stm32yyxx_hal_tim.c.o
                0x08001434                TIM_TI1_SetConfig
 .text.HAL_TIM_IC_ConfigChannel
                0x08001488      0x124 .pio/build/bluepill_f103c8/SrcWrapper/src/HAL/stm32yyxx_hal_tim.c.o
                0x08001488                HAL_TIM_IC_ConfigChannel
 .text.TIM_CCxChannelCmd
                0x080015ac       0x1c .pio/build/bluepill_f103c8/SrcWrapper/src/HAL/stm32yyxx_hal_tim.c.o
                0x080015ac                TIM_CCxChannelCmd
 .text.HAL_TIM_OC_Start
                0x080015c8       0x98 .pio/build/bluepill_f103c8/SrcWrapper/src/HAL/stm32yyxx_hal_tim.c.o
                0x080015c8                HAL_TIM_OC_Start
 .text.HAL_TIM_PWM_Start
                0x08001660        0x4 .pio/build/bluepill_f103c8/SrcWrapper/src/HAL/stm32yyxx_hal_tim.c.o
                0x08001660                HAL_TIM_PWM_Start
 .text.HAL_TIM_IC_Start
                0x08001664       0xd0 .pio/build/bluepill_f103c8/SrcWrapper/src/HAL/stm32yyxx_hal_tim.c.o
                0x08001664                HAL_TIM_IC_Start
 .text.TIM_CCxNChannelCmd
                0x08001734       0x1c .pio/build/bluepill_f103c8/SrcWrapper/src/HAL/stm32yyxx_hal_tim_ex.c.o
 .text.HAL_TIMEx_OCN_Start
                0x08001750       0x94 .pio/build/bluepill_f103c8/SrcWrapper/src/HAL/stm32yyxx_hal_tim_ex.c.o
                0x08001750                HAL_TIMEx_OCN_Start
 .text.HAL_TIMEx_PWMN_Start
                0x080017e4        0x4 .pio/build/bluepill_f103c8/SrcWrapper/src/HAL/stm32yyxx_hal_tim_ex.c.o
                0x080017e4                HAL_TIMEx_PWMN_Start
 .text.HAL_TIMEx_CommutCallback
                0x080017e8        0x2 .pio/build/bluepill_f103c8/SrcWrapper/src/HAL/stm32yyxx_hal_tim_ex.c.o
                0x080017e8                HAL_TIMEx_CommutCallback
 .text.HAL_TIMEx_BreakCallback
                0x080017ea        0x2 .pio/build/bluepill_f103c8/SrcWrapper/src/HAL/stm32yyxx_hal_tim_ex.c.o
                0x080017ea                HAL_TIMEx_BreakCallback
 .text.UART_EndRxTransfer
                0x080017ec       0x5c .pio/build/bluepill_f103c8/SrcWrapper/src/HAL/stm32yyxx_hal_uart.c.o
 .text.HAL_UART_Transmit_IT
                0x08001848       0x32 .pio/build/bluepill_f103c8/SrcWrapper/src/HAL/stm32yyxx_hal_uart.c.o
                0x08001848                HAL_UART_Transmit_IT
 .text.UART_DMAAbortOnError
                0x0800187a       0x10 .pio/build/bluepill_f103c8/SrcWrapper/src/HAL/stm32yyxx_hal_uart.c.o
 .text.HAL_UARTEx_RxEventCallback
                0x0800188a        0x2 .pio/build/bluepill_f103c8/SrcWrapper/src/HAL/stm32yyxx_hal_uart.c.o
                0x0800188a                HAL_UARTEx_RxEventCallback
 .text.UART_Receive_IT.isra.0
                0x0800188c       0xb6 .pio/build/bluepill_f103c8/SrcWrapper/src/HAL/stm32yyxx_hal_uart.c.o
 *fill*         0x08001942        0x2 
 .text.HAL_UART_IRQHandler
                0x08001944      0x2d8 .pio/build/bluepill_f103c8/SrcWrapper/src/HAL/stm32yyxx_hal_uart.c.o
                0x08001944                HAL_UART_IRQHandler
 .text.HAL_HalfDuplex_EnableTransmitter
                0x08001c1c       0x30 .pio/build/bluepill_f103c8/SrcWrapper/src/HAL/stm32yyxx_hal_uart.c.o
                0x08001c1c                HAL_HalfDuplex_EnableTransmitter
 .text.HAL_HalfDuplex_EnableReceiver
                0x08001c4c       0x30 .pio/build/bluepill_f103c8/SrcWrapper/src/HAL/stm32yyxx_hal_uart.c.o
                0x08001c4c                HAL_HalfDuplex_EnableReceiver
 .text.HAL_UART_GetState
                0x08001c7c        0xc .pio/build/bluepill_f103c8/SrcWrapper/src/HAL/stm32yyxx_hal_uart.c.o
                0x08001c7c                HAL_UART_GetState
 .text.UART_Start_Receive_IT
                0x08001c88       0x32 .pio/build/bluepill_f103c8/SrcWrapper/src/HAL/stm32yyxx_hal_uart.c.o
                0x08001c88                UART_Start_Receive_IT
 .text.HAL_UART_Receive_IT
                0x08001cba       0x22 .pio/build/bluepill_f103c8/SrcWrapper/src/HAL/stm32yyxx_hal_uart.c.o
                0x08001cba                HAL_UART_Receive_IT
 .text._ZNSt8functionIFvvEEaSEDn.isra.0
                0x08001cdc       0x16 .pio/build/bluepill_f103c8/SrcWrapper/src/HardwareTimer.cpp.o
 .text._ZNSt14_Function_baseD2Ev
                0x08001cf2       0x12 .pio/build/bluepill_f103c8/SrcWrapper/src/HardwareTimer.cpp.o
                0x08001cf2                std::_Function_base::~_Function_base()
                0x08001cf2                std::_Function_base::~_Function_base()
 .text._ZN13HardwareTimer10getChannelEm
                0x08001d04        0xe .pio/build/bluepill_f103c8/SrcWrapper/src/HardwareTimer.cpp.o
                0x08001d04                HardwareTimer::getChannel(unsigned long)
 *fill*         0x08001d12        0x2 
 .text._ZN13HardwareTimer12getLLChannelEm
                0x08001d14       0x44 .pio/build/bluepill_f103c8/SrcWrapper/src/HardwareTimer.cpp.o
                0x08001d14                HardwareTimer::getLLChannel(unsigned long)
 .text._ZN13HardwareTimer5getITEm
                0x08001d58       0x14 .pio/build/bluepill_f103c8/SrcWrapper/src/HardwareTimer.cpp.o
                0x08001d58                HardwareTimer::getIT(unsigned long)
 .text._ZN13HardwareTimer20getAssociatedChannelEm
                0x08001d6c       0x14 .pio/build/bluepill_f103c8/SrcWrapper/src/HardwareTimer.cpp.o
                0x08001d6c                HardwareTimer::getAssociatedChannel(unsigned long)
 .text._ZN13HardwareTimer13resumeChannelEm
                0x08001d80       0xf6 .pio/build/bluepill_f103c8/SrcWrapper/src/HardwareTimer.cpp.o
                0x08001d80                HardwareTimer::resumeChannel(unsigned long)
 .text._ZN13HardwareTimer6resumeEv
                0x08001e76       0x4c .pio/build/bluepill_f103c8/SrcWrapper/src/HardwareTimer.cpp.o
                0x08001e76                HardwareTimer::resume()
 *fill*         0x08001ec2        0x2 
 .text._ZN13HardwareTimer7setModeEm12TimerModes_t7PinName20ChannelInputFilter_t
                0x08001ec4      0x240 .pio/build/bluepill_f103c8/SrcWrapper/src/HardwareTimer.cpp.o
                0x08001ec4                HardwareTimer::setMode(unsigned long, TimerModes_t, PinName, ChannelInputFilter_t)
 .text._ZN13HardwareTimer7getModeEm
                0x08002104       0x10 .pio/build/bluepill_f103c8/SrcWrapper/src/HardwareTimer.cpp.o
                0x08002104                HardwareTimer::getMode(unsigned long)
 .text._ZN13HardwareTimer7refreshEv
                0x08002114        0x8 .pio/build/bluepill_f103c8/SrcWrapper/src/HardwareTimer.cpp.o
                0x08002114                HardwareTimer::refresh()
 .text._ZN13HardwareTimer9isRunningEv
                0x0800211c        0xa .pio/build/bluepill_f103c8/SrcWrapper/src/HardwareTimer.cpp.o
                0x0800211c                HardwareTimer::isRunning()
 .text._ZN13HardwareTimer16isRunningChannelEm
                0x08002126       0x38 .pio/build/bluepill_f103c8/SrcWrapper/src/HardwareTimer.cpp.o
                0x08002126                HardwareTimer::isRunningChannel(unsigned long)
 .text._ZN13HardwareTimer27updateRegistersIfNotRunningEP11TIM_TypeDef
                0x0800215e       0x3a .pio/build/bluepill_f103c8/SrcWrapper/src/HardwareTimer.cpp.o
                0x0800215e                HardwareTimer::updateRegistersIfNotRunning(TIM_TypeDef*)
 .text._Z15get_timer_indexP11TIM_TypeDef
                0x08002198       0x34 .pio/build/bluepill_f103c8/SrcWrapper/src/HardwareTimer.cpp.o
                0x08002198                get_timer_index(TIM_TypeDef*)
 .text._ZN13HardwareTimerD2Ev
                0x080021cc       0x40 .pio/build/bluepill_f103c8/SrcWrapper/src/HardwareTimer.cpp.o
                0x080021cc                HardwareTimer::~HardwareTimer()
                0x080021cc                HardwareTimer::~HardwareTimer()
 .text._ZN13HardwareTimer5setupEP11TIM_TypeDef
                0x0800220c       0x84 .pio/build/bluepill_f103c8/SrcWrapper/src/HardwareTimer.cpp.o
                0x0800220c                HardwareTimer::setup(TIM_TypeDef*)
 .text._ZN13HardwareTimer15getTimerClkFreqEv
                0x08002290       0x58 .pio/build/bluepill_f103c8/SrcWrapper/src/HardwareTimer.cpp.o
                0x08002290                HardwareTimer::getTimerClkFreq()
 .text._ZN13HardwareTimer11setOverflowEm13TimerFormat_t
                0x080022e8       0x4c .pio/build/bluepill_f103c8/SrcWrapper/src/HardwareTimer.cpp.o
                0x080022e8                HardwareTimer::setOverflow(unsigned long, TimerFormat_t)
 .text._ZN13HardwareTimer17setCaptureCompareEmm20TimerCompareFormat_t
                0x08002334       0x9c .pio/build/bluepill_f103c8/SrcWrapper/src/HardwareTimer.cpp.o
                0x08002334                HardwareTimer::setCaptureCompare(unsigned long, unsigned long, TimerCompareFormat_t)
 .text.TIM1_UP_IRQHandler
                0x080023d0       0x14 .pio/build/bluepill_f103c8/SrcWrapper/src/HardwareTimer.cpp.o
                0x080023d0                TIM1_UP_IRQHandler
 .text.TIM1_CC_IRQHandler
                0x080023e4        0x4 .pio/build/bluepill_f103c8/SrcWrapper/src/HardwareTimer.cpp.o
                0x080023e4                TIM1_CC_IRQHandler
 .text.TIM2_IRQHandler
                0x080023e8       0x14 .pio/build/bluepill_f103c8/SrcWrapper/src/HardwareTimer.cpp.o
                0x080023e8                TIM2_IRQHandler
 .text.TIM3_IRQHandler
                0x080023fc       0x14 .pio/build/bluepill_f103c8/SrcWrapper/src/HardwareTimer.cpp.o
                0x080023fc                TIM3_IRQHandler
 .text.TIM4_IRQHandler
                0x08002410       0x14 .pio/build/bluepill_f103c8/SrcWrapper/src/HardwareTimer.cpp.o
                0x08002410                TIM4_IRQHandler
 .text._ZNSt8functionIFvvEEC2Ev
                0x08002424        0xc .pio/build/bluepill_f103c8/SrcWrapper/src/HardwareTimer.cpp.o
                0x08002424                std::function<void ()>::function()
                0x08002424                std::function<void ()>::function()
 .text._ZN13HardwareTimerC2EP11TIM_TypeDef
                0x08002430       0x2a .pio/build/bluepill_f103c8/SrcWrapper/src/HardwareTimer.cpp.o
                0x08002430                HardwareTimer::HardwareTimer(TIM_TypeDef*)
                0x08002430                HardwareTimer::HardwareTimer(TIM_TypeDef*)
 .text._ZNSt8functionIFvvEEC2ERKS1_
                0x0800245a       0x24 .pio/build/bluepill_f103c8/SrcWrapper/src/HardwareTimer.cpp.o
                0x0800245a                std::function<void ()>::function(std::function<void ()> const&)
                0x0800245a                std::function<void ()>::function(std::function<void ()> const&)
 .text._ZNSt8functionIFvvEEaSERKS1_.isra.0
                0x0800247e       0x42 .pio/build/bluepill_f103c8/SrcWrapper/src/HardwareTimer.cpp.o
 .text._ZN13HardwareTimer15attachInterruptEmSt8functionIFvvEE
                0x080024c0       0x40 .pio/build/bluepill_f103c8/SrcWrapper/src/HardwareTimer.cpp.o
                0x080024c0                HardwareTimer::attachInterrupt(unsigned long, std::function<void ()>)
 .text._ZN13HardwareTimer15attachInterruptESt8functionIFvvEE
                0x08002500       0x2e .pio/build/bluepill_f103c8/SrcWrapper/src/HardwareTimer.cpp.o
                0x08002500                HardwareTimer::attachInterrupt(std::function<void ()>)
 .text._ZN13HardwareTimer6setPWMEm7PinNamemmSt8functionIFvvEES3_
                0x0800252e       0xa8 .pio/build/bluepill_f103c8/SrcWrapper/src/HardwareTimer.cpp.o
                0x0800252e                HardwareTimer::setPWM(unsigned long, PinName, unsigned long, unsigned long, std::function<void ()>, std::function<void ()>)
 *fill*         0x080025d6        0x2 
 .text._ZN13HardwareTimer6setPWMEmmmmSt8functionIFvvEES2_
                0x080025d8       0x8c .pio/build/bluepill_f103c8/SrcWrapper/src/HardwareTimer.cpp.o
                0x080025d8                HardwareTimer::setPWM(unsigned long, unsigned long, unsigned long, unsigned long, std::function<void ()>, std::function<void ()>)
 .text._ZNKSt8functionIFvvEEclEv
                0x08002664       0x12 .pio/build/bluepill_f103c8/SrcWrapper/src/HardwareTimer.cpp.o
                0x08002664                std::function<void ()>::operator()() const
 .text._ZN13HardwareTimer14updateCallbackEP17TIM_HandleTypeDef
                0x08002676       0x18 .pio/build/bluepill_f103c8/SrcWrapper/src/HardwareTimer.cpp.o
                0x08002676                HardwareTimer::updateCallback(TIM_HandleTypeDef*)
 .text.HAL_TIM_PeriodElapsedCallback
                0x0800268e        0x4 .pio/build/bluepill_f103c8/SrcWrapper/src/HardwareTimer.cpp.o
                0x0800268e                HAL_TIM_PeriodElapsedCallback
 .text._ZN13HardwareTimer22captureCompareCallbackEP17TIM_HandleTypeDef
                0x08002692       0x3e .pio/build/bluepill_f103c8/SrcWrapper/src/HardwareTimer.cpp.o
                0x08002692                HardwareTimer::captureCompareCallback(TIM_HandleTypeDef*)
 .text.HAL_TIM_OC_DelayElapsedCallback
                0x080026d0        0x4 .pio/build/bluepill_f103c8/SrcWrapper/src/HardwareTimer.cpp.o
                0x080026d0                HAL_TIM_OC_DelayElapsedCallback
 .text.HAL_TIM_IC_CaptureCallback
                0x080026d4        0x4 .pio/build/bluepill_f103c8/SrcWrapper/src/HardwareTimer.cpp.o
                0x080026d4                HAL_TIM_IC_CaptureCallback
 .text._Znwj    0x080026d8        0x4 .pio/build/bluepill_f103c8/SrcWrapper/src/new.cpp.o
                0x080026d8                operator new(unsigned int)
 .text._ZdlPvj  0x080026dc        0x4 .pio/build/bluepill_f103c8/SrcWrapper/src/new.cpp.o
                0x080026dc                operator delete(void*, unsigned int)
 .text.set_GPIO_Port_Clock
                0x080026e0       0xa8 .pio/build/bluepill_f103c8/SrcWrapper/src/stm32/PortNames.c.o
                0x080026e0                set_GPIO_Port_Clock
 .text.pwm_stop
                0x08002788       0x5c .pio/build/bluepill_f103c8/SrcWrapper/src/stm32/analog.cpp.o
                0x08002788                pwm_stop
 .text.getCurrentMillis
                0x080027e4        0x4 .pio/build/bluepill_f103c8/SrcWrapper/src/stm32/clock.c.o
                0x080027e4                getCurrentMillis
 .text.SysTick_Handler
                0x080027e8       0x10 .pio/build/bluepill_f103c8/SrcWrapper/src/stm32/clock.c.o
                0x080027e8                SysTick_Handler
 .text.configHSECapacitorTuning
                0x080027f8        0x2 .pio/build/bluepill_f103c8/SrcWrapper/src/stm32/clock.c.o
                0x080027f8                configHSECapacitorTuning
 *fill*         0x080027fa        0x2 
 .text.configIPClock
                0x080027fc       0x44 .pio/build/bluepill_f103c8/SrcWrapper/src/stm32/clock.c.o
                0x080027fc                configIPClock
 .text.dwt_init
                0x08002840       0x3c .pio/build/bluepill_f103c8/SrcWrapper/src/stm32/dwt.c.o
                0x08002840                dwt_init
 .text.hw_config_init
                0x0800287c       0x24 .pio/build/bluepill_f103c8/SrcWrapper/src/stm32/hw_config.c.o
                0x0800287c                hw_config_init
 .text.startup._ZNSt8functionIFvvEEC2EDn.constprop.0.isra.0
                0x080028a0        0xc .pio/build/bluepill_f103c8/SrcWrapper/src/stm32/interrupt.cpp.o
 .text.HAL_GPIO_EXTI_Callback
                0x080028ac       0x2c .pio/build/bluepill_f103c8/SrcWrapper/src/stm32/interrupt.cpp.o
                0x080028ac                HAL_GPIO_EXTI_Callback
 .text.EXTI0_IRQHandler
                0x080028d8        0x6 .pio/build/bluepill_f103c8/SrcWrapper/src/stm32/interrupt.cpp.o
                0x080028d8                EXTI0_IRQHandler
 .text.EXTI1_IRQHandler
                0x080028de        0x6 .pio/build/bluepill_f103c8/SrcWrapper/src/stm32/interrupt.cpp.o
                0x080028de                EXTI1_IRQHandler
 .text.EXTI2_IRQHandler
                0x080028e4        0x6 .pio/build/bluepill_f103c8/SrcWrapper/src/stm32/interrupt.cpp.o
                0x080028e4                EXTI2_IRQHandler
 .text.EXTI3_IRQHandler
                0x080028ea        0x6 .pio/build/bluepill_f103c8/SrcWrapper/src/stm32/interrupt.cpp.o
                0x080028ea                EXTI3_IRQHandler
 .text.EXTI4_IRQHandler
                0x080028f0        0x6 .pio/build/bluepill_f103c8/SrcWrapper/src/stm32/interrupt.cpp.o
                0x080028f0                EXTI4_IRQHandler
 .text.EXTI9_5_IRQHandler
                0x080028f6       0x16 .pio/build/bluepill_f103c8/SrcWrapper/src/stm32/interrupt.cpp.o
                0x080028f6                EXTI9_5_IRQHandler
 .text.EXTI15_10_IRQHandler
                0x0800290c       0x18 .pio/build/bluepill_f103c8/SrcWrapper/src/stm32/interrupt.cpp.o
                0x0800290c                EXTI15_10_IRQHandler
 .text.startup._GLOBAL__sub_I__Z22stm32_interrupt_enable7PinNameSt8functionIFvvEEm
                0x08002924       0xd8 .pio/build/bluepill_f103c8/SrcWrapper/src/stm32/interrupt.cpp.o
 .text.exit._GLOBAL__sub_D__Z22stm32_interrupt_enable7PinNameSt8functionIFvvEEm
                0x080029fc       0x1c .pio/build/bluepill_f103c8/SrcWrapper/src/stm32/interrupt.cpp.o
 .text.pin_SetF1AFPin
                0x08002a18      0x1f8 .pio/build/bluepill_f103c8/SrcWrapper/src/stm32/pinmap.c.o
 .text.LL_GPIO_SetPinMode
                0x08002c10       0x2c .pio/build/bluepill_f103c8/SrcWrapper/src/stm32/pinmap.c.o
 .text.LL_GPIO_SetPinOutputType
                0x08002c3c       0x2c .pio/build/bluepill_f103c8/SrcWrapper/src/stm32/pinmap.c.o
 .text.pin_in_pinmap
                0x08002c68       0x1e .pio/build/bluepill_f103c8/SrcWrapper/src/stm32/pinmap.c.o
                0x08002c68                pin_in_pinmap
 *fill*         0x08002c86        0x2 
 .text.pin_function
                0x08002c88      0x18c .pio/build/bluepill_f103c8/SrcWrapper/src/stm32/pinmap.c.o
                0x08002c88                pin_function
 .text.pinmap_pinout
                0x08002e14       0x1a .pio/build/bluepill_f103c8/SrcWrapper/src/stm32/pinmap.c.o
                0x08002e14                pinmap_pinout
 .text.pinmap_find_peripheral
                0x08002e2e       0x16 .pio/build/bluepill_f103c8/SrcWrapper/src/stm32/pinmap.c.o
                0x08002e2e                pinmap_find_peripheral
 .text.pinmap_peripheral
                0x08002e44        0xc .pio/build/bluepill_f103c8/SrcWrapper/src/stm32/pinmap.c.o
                0x08002e44                pinmap_peripheral
 .text.pinmap_find_pin
                0x08002e50       0x16 .pio/build/bluepill_f103c8/SrcWrapper/src/stm32/pinmap.c.o
                0x08002e50                pinmap_find_pin
 .text.pinmap_pin
                0x08002e66        0xc .pio/build/bluepill_f103c8/SrcWrapper/src/stm32/pinmap.c.o
                0x08002e66                pinmap_pin
 .text.pinmap_find_function
                0x08002e72       0x16 .pio/build/bluepill_f103c8/SrcWrapper/src/stm32/pinmap.c.o
                0x08002e72                pinmap_find_function
 .text.pinmap_function
                0x08002e88        0xa .pio/build/bluepill_f103c8/SrcWrapper/src/stm32/pinmap.c.o
                0x08002e88                pinmap_function
 *fill*         0x08002e92        0x2 
 .text.SystemInit
                0x08002e94       0x4c .pio/build/bluepill_f103c8/SrcWrapper/src/stm32/system_stm32yyxx.c.o
                0x08002e94                SystemInit
 .text.get_timer_obj
                0x08002ee0        0x4 .pio/build/bluepill_f103c8/SrcWrapper/src/stm32/timer.c.o
                0x08002ee0                get_timer_obj
 .text.enableTimerClock
                0x08002ee4       0x88 .pio/build/bluepill_f103c8/SrcWrapper/src/stm32/timer.c.o
                0x08002ee4                enableTimerClock
 .text.disableTimerClock
                0x08002f6c       0x5c .pio/build/bluepill_f103c8/SrcWrapper/src/stm32/timer.c.o
                0x08002f6c                disableTimerClock
 .text.getTimerUpIrq
                0x08002fc8       0x40 .pio/build/bluepill_f103c8/SrcWrapper/src/stm32/timer.c.o
                0x08002fc8                getTimerUpIrq
 .text.getTimerCCIrq
                0x08003008       0x40 .pio/build/bluepill_f103c8/SrcWrapper/src/stm32/timer.c.o
                0x08003008                getTimerCCIrq
 .text.HAL_TIM_Base_MspInit
                0x08003048       0x4e .pio/build/bluepill_f103c8/SrcWrapper/src/stm32/timer.c.o
                0x08003048                HAL_TIM_Base_MspInit
 *fill*         0x08003096        0x2 
 .text.getTimerClkSrc
                0x08003098       0x34 .pio/build/bluepill_f103c8/SrcWrapper/src/stm32/timer.c.o
                0x08003098                getTimerClkSrc
 .text.getTimerChannel
                0x080030cc       0x20 .pio/build/bluepill_f103c8/SrcWrapper/src/stm32/timer.c.o
                0x080030cc                getTimerChannel
 .text.serial_rx_active
                0x080030ec       0x24 .pio/build/bluepill_f103c8/SrcWrapper/src/stm32/uart.c.o
                0x080030ec                serial_rx_active
 .text.serial_tx_active
                0x08003110       0x24 .pio/build/bluepill_f103c8/SrcWrapper/src/stm32/uart.c.o
                0x08003110                serial_tx_active
 .text.uart_attach_tx_callback
                0x08003134       0x40 .pio/build/bluepill_f103c8/SrcWrapper/src/stm32/uart.c.o
                0x08003134                uart_attach_tx_callback
 .text.uart_enable_tx
                0x08003174       0x1c .pio/build/bluepill_f103c8/SrcWrapper/src/stm32/uart.c.o
                0x08003174                uart_enable_tx
 .text.uart_enable_rx
                0x08003190       0x1c .pio/build/bluepill_f103c8/SrcWrapper/src/stm32/uart.c.o
                0x08003190                uart_enable_rx
 .text.HAL_UART_RxCpltCallback
                0x080031ac        0x6 .pio/build/bluepill_f103c8/SrcWrapper/src/stm32/uart.c.o
                0x080031ac                HAL_UART_RxCpltCallback
 .text.HAL_UART_TxCpltCallback
                0x080031b2        0x6 .pio/build/bluepill_f103c8/SrcWrapper/src/stm32/uart.c.o
                0x080031b2                HAL_UART_TxCpltCallback
 .text.HAL_UART_ErrorCallback
                0x080031b8       0x7c .pio/build/bluepill_f103c8/SrcWrapper/src/stm32/uart.c.o
                0x080031b8                HAL_UART_ErrorCallback
 .text.USART1_IRQHandler
                0x08003234       0x18 .pio/build/bluepill_f103c8/SrcWrapper/src/stm32/uart.c.o
                0x08003234                USART1_IRQHandler
 .text.USART2_IRQHandler
                0x0800324c       0x1c .pio/build/bluepill_f103c8/SrcWrapper/src/stm32/uart.c.o
                0x0800324c                USART2_IRQHandler
 .text.USART3_IRQHandler
                0x08003268       0x1c .pio/build/bluepill_f103c8/SrcWrapper/src/stm32/uart.c.o
                0x08003268                USART3_IRQHandler
 .text._exit    0x08003284        0x2 .pio/build/bluepill_f103c8/SrcWrapper/src/syscalls.c.o
                0x08003284                _exit
 *fill*         0x08003286        0x2 
 .text._kill    0x08003288       0x10 .pio/build/bluepill_f103c8/SrcWrapper/src/syscalls.c.o
                0x08003288                _kill
 .text._getpid  0x08003298        0x4 .pio/build/bluepill_f103c8/SrcWrapper/src/syscalls.c.o
                0x08003298                _getpid
 .text.vListInsertEnd
                0x0800329c       0x16 .pio/build/bluepill_f103c8/libe9a/STM32duino FreeRTOS/FreeRTOS/Source/list.c.o
                0x0800329c                vListInsertEnd
 .text.uxListRemove
                0x080032b2       0x20 .pio/build/bluepill_f103c8/libe9a/STM32duino FreeRTOS/FreeRTOS/Source/list.c.o
                0x080032b2                uxListRemove
 *fill*         0x080032d2        0x2 
 .text.prvResetNextTaskUnblockTime
                0x080032d4       0x24 .pio/build/bluepill_f103c8/libe9a/STM32duino FreeRTOS/FreeRTOS/Source/tasks.c.o
 .text.vTaskSuspendAll
                0x080032f8       0x10 .pio/build/bluepill_f103c8/libe9a/STM32duino FreeRTOS/FreeRTOS/Source/tasks.c.o
                0x080032f8                vTaskSuspendAll
 .text.xTaskIncrementTick
                0x08003308      0x144 .pio/build/bluepill_f103c8/libe9a/STM32duino FreeRTOS/FreeRTOS/Source/tasks.c.o
                0x08003308                xTaskIncrementTick
 .text.xTaskResumeAll
                0x0800344c       0xec .pio/build/bluepill_f103c8/libe9a/STM32duino FreeRTOS/FreeRTOS/Source/tasks.c.o
                0x0800344c                xTaskResumeAll
 .text.vTaskSwitchContext
                0x08003538       0x84 .pio/build/bluepill_f103c8/libe9a/STM32duino FreeRTOS/FreeRTOS/Source/tasks.c.o
                0x08003538                vTaskSwitchContext
 .text.xTaskGetSchedulerState
                0x080035bc       0x20 .pio/build/bluepill_f103c8/libe9a/STM32duino FreeRTOS/FreeRTOS/Source/tasks.c.o
                0x080035bc                xTaskGetSchedulerState
 .text.delayMS  0x080035dc       0x20 .pio/build/bluepill_f103c8/libe9a/STM32duino FreeRTOS/STM32FreeRTOS.c.o
 .text.errorBlink
                0x080035fc       0x40 .pio/build/bluepill_f103c8/libe9a/STM32duino FreeRTOS/STM32FreeRTOS.c.o
 .text.hard_fault_isr
                0x0800363c        0x8 .pio/build/bluepill_f103c8/libe9a/STM32duino FreeRTOS/STM32FreeRTOS.c.o
                0x0800363c                hard_fault_isr
 .text.HardFault_Handler
                0x08003644        0x6 .pio/build/bluepill_f103c8/libe9a/STM32duino FreeRTOS/STM32FreeRTOS.c.o
                0x08003644                HardFault_Handler
 .text.bus_fault_isr
                0x0800364a        0x8 .pio/build/bluepill_f103c8/libe9a/STM32duino FreeRTOS/STM32FreeRTOS.c.o
                0x0800364a                bus_fault_isr
 .text.BusFault_Handler
                0x08003652        0x6 .pio/build/bluepill_f103c8/libe9a/STM32duino FreeRTOS/STM32FreeRTOS.c.o
                0x08003652                BusFault_Handler
 .text.usage_fault_isr
                0x08003658        0x8 .pio/build/bluepill_f103c8/libe9a/STM32duino FreeRTOS/STM32FreeRTOS.c.o
                0x08003658                usage_fault_isr
 .text.UsageFault_Handler
                0x08003660        0x6 .pio/build/bluepill_f103c8/libe9a/STM32duino FreeRTOS/STM32FreeRTOS.c.o
                0x08003660                UsageFault_Handler
 .text.vApplicationTickHook
                0x08003666        0x2 .pio/build/bluepill_f103c8/libe9a/STM32duino FreeRTOS/STM32FreeRTOS.c.o
                0x08003666                vApplicationTickHook
 .text.osSystickHandler
                0x08003668       0x14 .pio/build/bluepill_f103c8/libe9a/STM32duino FreeRTOS/cmsis_os.c.o
                0x08003668                osSystickHandler
 .text._sbrk_r  0x0800367c       0x7c .pio/build/bluepill_f103c8/libe9a/STM32duino FreeRTOS/heap.c.o
                0x0800367c                _sbrk_r
 .text.__malloc_lock
                0x080036f8       0x1c .pio/build/bluepill_f103c8/libe9a/STM32duino FreeRTOS/heap.c.o
                0x080036f8                __malloc_lock
 .text.__malloc_unlock
                0x08003714        0x4 .pio/build/bluepill_f103c8/libe9a/STM32duino FreeRTOS/heap.c.o
                0x08003714                __malloc_unlock
 *fill*         0x08003718        0x8 
 .text.SVC_Handler
                0x08003720       0x24 .pio/build/bluepill_f103c8/libe9a/STM32duino FreeRTOS/port.c.o
                0x08003720                SVC_Handler
 .text.vPortEnterCritical
                0x08003744       0x40 .pio/build/bluepill_f103c8/libe9a/STM32duino FreeRTOS/port.c.o
                0x08003744                vPortEnterCritical
 .text.vPortExitCritical
                0x08003784       0x28 .pio/build/bluepill_f103c8/libe9a/STM32duino FreeRTOS/port.c.o
                0x08003784                vPortExitCritical
 *fill*         0x080037ac        0x4 
 .text.PendSV_Handler
                0x080037b0       0x44 .pio/build/bluepill_f103c8/libe9a/STM32duino FreeRTOS/port.c.o
                0x080037b0                PendSV_Handler
 .text.xPortSysTickHandler
                0x080037f4       0x2c .pio/build/bluepill_f103c8/libe9a/STM32duino FreeRTOS/port.c.o
                0x080037f4                xPortSysTickHandler
 .text._ZNSt8functionIFvvEEC2EDn
                0x08003820        0xc .pio/build/bluepill_f103c8/src/experiments/005servoJerkyHypothesis.cpp.o
                0x08003820                std::function<void ()>::function(decltype(nullptr))
                0x08003820                std::function<void ()>::function(decltype(nullptr))
 .text.setup    0x0800382c       0x4c .pio/build/bluepill_f103c8/src/experiments/005servoJerkyHypothesis.cpp.o
                0x0800382c                setup
 .text.loop     0x08003878       0xe0 .pio/build/bluepill_f103c8/src/experiments/005servoJerkyHypothesis.cpp.o
                0x08003878                loop
 .text.startup._GLOBAL__sub_I_timerServo
                0x08003958       0x10 .pio/build/bluepill_f103c8/src/experiments/005servoJerkyHypothesis.cpp.o
 .text.exit._GLOBAL__sub_D_timerServo
                0x08003968        0xc .pio/build/bluepill_f103c8/src/experiments/005servoJerkyHypothesis.cpp.o
 .text.startup._Z7premainv
                0x08003974       0x10 .pio/build/bluepill_f103c8/libFrameworkArduino.a(main.cpp.o)
                0x08003974                premain()
 .text.startup.main
                0x08003984       0x14 .pio/build/bluepill_f103c8/libFrameworkArduino.a(main.cpp.o)
                0x08003984                main
 .text.pinNametoDigitalPin
                0x08003998       0x34 .pio/build/bluepill_f103c8/libFrameworkArduino.a(pins_arduino.c.o)
                0x08003998                pinNametoDigitalPin
 .text.Reset_Handler
                0x080039cc       0x48 .pio/build/bluepill_f103c8/libFrameworkArduino.a(startup_stm32yyxx.S.o)
                0x080039cc                Reset_Handler
 .text.Default_Handler
                0x08003a14        0x2 .pio/build/bluepill_f103c8/libFrameworkArduino.a(startup_stm32yyxx.S.o)
                0x08003a14                RTC_Alarm_IRQHandler
                0x08003a14                DebugMon_Handler
                0x08003a14                PVD_IRQHandler
                0x08003a14                NMI_Handler
                0x08003a14                I2C2_EV_IRQHandler
                0x08003a14                ADC1_2_IRQHandler
                0x08003a14                SPI1_IRQHandler
                0x08003a14                TAMPER_IRQHandler
                0x08003a14                DMA1_Channel4_IRQHandler
                0x08003a14                RTC_IRQHandler
                0x08003a14                DMA1_Channel7_IRQHandler
                0x08003a14                CAN1_RX1_IRQHandler
                0x08003a14                I2C1_EV_IRQHandler
                0x08003a14                DMA1_Channel6_IRQHandler
                0x08003a14                RCC_IRQHandler
                0x08003a14                TIM1_TRG_COM_IRQHandler
                0x08003a14                DMA1_Channel1_IRQHandler
                0x08003a14                Default_Handler
                0x08003a14                SPI2_IRQHandler
                0x08003a14                MemManage_Handler
                0x08003a14                DMA1_Channel5_IRQHandler
                0x08003a14                USB_LP_CAN1_RX0_IRQHandler
                0x08003a14                USB_HP_CAN1_TX_IRQHandler
                0x08003a14                DMA1_Channel3_IRQHandler
                0x08003a14                WWDG_IRQHandler
                0x08003a14                TIM1_BRK_IRQHandler
                0x08003a14                I2C2_ER_IRQHandler
                0x08003a14                DMA1_Channel2_IRQHandler
                0x08003a14                CAN1_SCE_IRQHandler
                0x08003a14                FLASH_IRQHandler
                0x08003a14                I2C1_ER_IRQHandler
                0x08003a14                USBWakeUp_IRQHandler
 *fill*         0x08003a16        0x2 
 .text.pinMode  0x08003a18       0xbc .pio/build/bluepill_f103c8/libFrameworkArduino.a(wiring_digital.c.o)
                0x08003a18                pinMode
 .text.digitalWrite
                0x08003ad4       0x74 .pio/build/bluepill_f103c8/libFrameworkArduino.a(wiring_digital.c.o)
                0x08003ad4                digitalWrite
 .text.millis   0x08003b48        0x4 .pio/build/bluepill_f103c8/libFrameworkArduino.a(wiring_time.c.o)
                0x08003b48                millis
 .text.delay    0x08003b4c       0x1c .pio/build/bluepill_f103c8/libFrameworkArduino.a(wiring_time.c.o)
                0x08003b4c                delay
 .text._Z14serialEventRunv
                0x08003b68       0x1c .pio/build/bluepill_f103c8/libFrameworkArduino.a(WSerial.cpp.o)
                0x08003b68                serialEventRun()
 .text.init     0x08003b84        0x4 .pio/build/bluepill_f103c8/libFrameworkArduino.a(board.c.o)
                0x08003b84                init
 .text.__empty  0x08003b88        0x2 .pio/build/bluepill_f103c8/libFrameworkArduino.a(hooks.c.o)
                0x08003b88                yield
 .text._ZN14HardwareSerial9availableEv
                0x08003b8a       0x10 .pio/build/bluepill_f103c8/libFrameworkArduino.a(HardwareSerial.cpp.o)
                0x08003b8a                HardwareSerial::available()
 .text._ZN14HardwareSerial4peekEv
                0x08003b9a       0x1a .pio/build/bluepill_f103c8/libFrameworkArduino.a(HardwareSerial.cpp.o)
                0x08003b9a                HardwareSerial::peek()
 .text._ZN14HardwareSerial17availableForWriteEv
                0x08003bb4       0x1c .pio/build/bluepill_f103c8/libFrameworkArduino.a(HardwareSerial.cpp.o)
                0x08003bb4                HardwareSerial::availableForWrite()
 .text._ZN14HardwareSerial5writeEh
                0x08003bd0       0x18 .pio/build/bluepill_f103c8/libFrameworkArduino.a(HardwareSerial.cpp.o)
                0x08003bd0                HardwareSerial::write(unsigned char)
 .text._ZN14HardwareSerial16_tx_complete_irqEP8serial_s
                0x08003be8       0x60 .pio/build/bluepill_f103c8/libFrameworkArduino.a(HardwareSerial.cpp.o)
                0x08003be8                HardwareSerial::_tx_complete_irq(serial_s*)
 .text._ZN14HardwareSerial5writeEPKhj
                0x08003c48       0xe4 .pio/build/bluepill_f103c8/libFrameworkArduino.a(HardwareSerial.cpp.o)
                0x08003c48                HardwareSerial::write(unsigned char const*, unsigned int)
 .text._ZN14HardwareSerial4initE7PinNameS0_S0_S0_
                0x08003d2c       0x32 .pio/build/bluepill_f103c8/libFrameworkArduino.a(HardwareSerial.cpp.o)
                0x08003d2c                HardwareSerial::init(PinName, PinName, PinName, PinName)
 *fill*         0x08003d5e        0x2 
 .text._ZN14HardwareSerialC2EPv16HalfDuplexMode_t
                0x08003d60       0x94 .pio/build/bluepill_f103c8/libFrameworkArduino.a(HardwareSerial.cpp.o)
                0x08003d60                HardwareSerial::HardwareSerial(void*, HalfDuplexMode_t)
                0x08003d60                HardwareSerial::HardwareSerial(void*, HalfDuplexMode_t)
 .text._ZN14HardwareSerial5flushEm
                0x08003df4       0x36 .pio/build/bluepill_f103c8/libFrameworkArduino.a(HardwareSerial.cpp.o)
                0x08003df4                HardwareSerial::flush(unsigned long)
 .text._ZN14HardwareSerial5flushEv
                0x08003e2a        0x6 .pio/build/bluepill_f103c8/libFrameworkArduino.a(HardwareSerial.cpp.o)
                0x08003e2a                HardwareSerial::flush()
 .text._ZN14HardwareSerial18enableHalfDuplexRxEv
                0x08003e30       0x2c .pio/build/bluepill_f103c8/libFrameworkArduino.a(HardwareSerial.cpp.o)
                0x08003e30                HardwareSerial::enableHalfDuplexRx()
 .text._ZN14HardwareSerial4readEv
                0x08003e5c       0x2e .pio/build/bluepill_f103c8/libFrameworkArduino.a(HardwareSerial.cpp.o)
                0x08003e5c                HardwareSerial::read()
 *fill*         0x08003e8a        0x2 
 .text.startup._GLOBAL__sub_I_Serial1
                0x08003e8c       0x14 .pio/build/bluepill_f103c8/libFrameworkArduino.a(HardwareSerial.cpp.o)
 .text._ZN6Stream9timedReadEv
                0x08003ea0       0x2a .pio/build/bluepill_f103c8/libFrameworkArduino.a(Stream.cpp.o)
                0x08003ea0                Stream::timedRead()
 .text._ZN6Stream9readBytesEPcj
                0x08003eca       0x22 .pio/build/bluepill_f103c8/libFrameworkArduino.a(Stream.cpp.o)
                0x08003eca                Stream::readBytes(char*, unsigned int)
 .text._ZN6Stream14readBytesUntilEcPcj
                0x08003eec       0x30 .pio/build/bluepill_f103c8/libFrameworkArduino.a(Stream.cpp.o)
                0x08003eec                Stream::readBytesUntil(char, char*, unsigned int)
 .text.unlikely._ZSt25__throw_bad_function_callv
                0x08003f1c        0x6 /home/k1mch1/.platformio/packages/toolchain-gccarmnoneeabi/bin/../lib/gcc/arm-none-eabi/12.3.1/../../../../arm-none-eabi/lib/thumb/v7-m/nofp/libstdc++_nano.a(functional.o)
                0x08003f1c                std::__throw_bad_function_call()
 .text.abort    0x08003f22        0xe /home/k1mch1/.platformio/packages/toolchain-gccarmnoneeabi/bin/../lib/gcc/arm-none-eabi/12.3.1/../../../../arm-none-eabi/lib/thumb/v7-m/nofp/libc_nano.a(libc_a-abort.o)
                0x08003f22                abort
 .text.malloc   0x08003f30       0x10 /home/k1mch1/.platformio/packages/toolchain-gccarmnoneeabi/bin/../lib/gcc/arm-none-eabi/12.3.1/../../../../arm-none-eabi/lib/thumb/v7-m/nofp/libc_nano.a(libc_a-malloc.o)
                0x08003f30                malloc
 .text.free     0x08003f40       0x10 /home/k1mch1/.platformio/packages/toolchain-gccarmnoneeabi/bin/../lib/gcc/arm-none-eabi/12.3.1/../../../../arm-none-eabi/lib/thumb/v7-m/nofp/libc_nano.a(libc_a-malloc.o)
                0x08003f40                free
 .text.sbrk_aligned
                0x08003f50       0x44 /home/k1mch1/.platformio/packages/toolchain-gccarmnoneeabi/bin/../lib/gcc/arm-none-eabi/12.3.1/../../../../arm-none-eabi/lib/thumb/v7-m/nofp/libc_nano.a(libc_a-mallocr.o)
 .text._malloc_r
                0x08003f94      0x100 /home/k1mch1/.platformio/packages/toolchain-gccarmnoneeabi/bin/../lib/gcc/arm-none-eabi/12.3.1/../../../../arm-none-eabi/lib/thumb/v7-m/nofp/libc_nano.a(libc_a-mallocr.o)
                0x08003f94                _malloc_r
 .text.memset   0x08004094       0x10 /home/k1mch1/.platformio/packages/toolchain-gccarmnoneeabi/bin/../lib/gcc/arm-none-eabi/12.3.1/../../../../arm-none-eabi/lib/thumb/v7-m/nofp/libc_nano.a(libc_a-memset.o)
                0x08004094                memset
 .text._raise_r
                0x080040a4       0x50 /home/k1mch1/.platformio/packages/toolchain-gccarmnoneeabi/bin/../lib/gcc/arm-none-eabi/12.3.1/../../../../arm-none-eabi/lib/thumb/v7-m/nofp/libc_nano.a(libc_a-signal.o)
                0x080040a4                _raise_r
 .text.raise    0x080040f4       0x10 /home/k1mch1/.platformio/packages/toolchain-gccarmnoneeabi/bin/../lib/gcc/arm-none-eabi/12.3.1/../../../../arm-none-eabi/lib/thumb/v7-m/nofp/libc_nano.a(libc_a-signal.o)
                0x080040f4                raise
 .text._kill_r  0x08004104       0x24 /home/k1mch1/.platformio/packages/toolchain-gccarmnoneeabi/bin/../lib/gcc/arm-none-eabi/12.3.1/../../../../arm-none-eabi/lib/thumb/v7-m/nofp/libc_nano.a(libc_a-signalr.o)
                0x08004104                _kill_r
 .text._getpid_r
                0x08004128        0x4 /home/k1mch1/.platformio/packages/toolchain-gccarmnoneeabi/bin/../lib/gcc/arm-none-eabi/12.3.1/../../../../arm-none-eabi/lib/thumb/v7-m/nofp/libc_nano.a(libc_a-signalr.o)
                0x08004128                _getpid_r
 .text.__libc_init_array
                0x0800412c       0x48 /home/k1mch1/.platformio/packages/toolchain-gccarmnoneeabi/bin/../lib/gcc/arm-none-eabi/12.3.1/../../../../arm-none-eabi/lib/thumb/v7-m/nofp/libc_nano.a(libc_a-init.o)
                0x0800412c                __libc_init_array
 .text.memcpy   0x08004174       0x1c /home/k1mch1/.platformio/packages/toolchain-gccarmnoneeabi/bin/../lib/gcc/arm-none-eabi/12.3.1/../../../../arm-none-eabi/lib/thumb/v7-m/nofp/libc_nano.a(libc_a-memcpy-stub.o)
                0x08004174                memcpy
 .text._free_r  0x08004190       0x90 /home/k1mch1/.platformio/packages/toolchain-gccarmnoneeabi/bin/../lib/gcc/arm-none-eabi/12.3.1/../../../../arm-none-eabi/lib/thumb/v7-m/nofp/libc_nano.a(libc_a-freer.o)
                0x08004190                _free_r
 *(.glue_7)
 .glue_7        0x08004220        0x0 linker stubs
 *(.glue_7t)
 .glue_7t       0x08004220        0x0 linker stubs
 *(.eh_frame)
 .eh_frame      0x08004220        0x0 /home/k1mch1/.platformio/packages/toolchain-gccarmnoneeabi/bin/../lib/gcc/arm-none-eabi/12.3.1/thumb/v7-m/nofp/crtbegin.o
 *(.init)
 .init          0x08004220        0x4 /home/k1mch1/.platformio/packages/toolchain-gccarmnoneeabi/bin/../lib/gcc/arm-none-eabi/12.3.1/thumb/v7-m/nofp/crti.o
                0x08004220                _init
 .init          0x08004224        0x8 /home/k1mch1/.platformio/packages/toolchain-gccarmnoneeabi/bin/../lib/gcc/arm-none-eabi/12.3.1/thumb/v7-m/nofp/crtn.o
 *(.fini)
 .fini          0x0800422c        0x4 /home/k1mch1/.platformio/packages/toolchain-gccarmnoneeabi/bin/../lib/gcc/arm-none-eabi/12.3.1/thumb/v7-m/nofp/crti.o
                0x0800422c                _fini
 .fini          0x08004230        0x8 /home/k1mch1/.platformio/packages/toolchain-gccarmnoneeabi/bin/../lib/gcc/arm-none-eabi/12.3.1/thumb/v7-m/nofp/crtn.o
                0x08004238                        . = ALIGN (0x4)
                0x08004238                        _etext = .

.vfp11_veneer   0x08004238        0x0
 .vfp11_veneer  0x08004238        0x0 linker stubs

.v4_bx          0x08004238        0x0
 .v4_bx         0x08004238        0x0 linker stubs

.iplt           0x08004238        0x0
 .iplt          0x08004238        0x0 /home/k1mch1/.platformio/packages/toolchain-gccarmnoneeabi/bin/../lib/gcc/arm-none-eabi/12.3.1/thumb/v7-m/nofp/crtbegin.o

.rodata         0x08004238      0x3d4
                0x08004238                        . = ALIGN (0x4)
 *(.rodata)
 *(.rodata*)
 .rodata.PinMap_UART_RX
                0x08004238       0x3c .pio/build/bluepill_f103c8/FrameworkArduinoVariant/PeripheralPins.c.o
                0x08004238                PinMap_UART_RX
 .rodata.PinMap_UART_TX
                0x08004274       0x3c .pio/build/bluepill_f103c8/FrameworkArduinoVariant/PeripheralPins.c.o
                0x08004274                PinMap_UART_TX
 .rodata.PinMap_TIM
                0x080042b0      0x204 .pio/build/bluepill_f103c8/FrameworkArduinoVariant/PeripheralPins.c.o
                0x080042b0                PinMap_TIM
 .rodata.analogInputPin
                0x080044b4       0x28 .pio/build/bluepill_f103c8/FrameworkArduinoVariant/variant_PILL_F103Cx.cpp.o
                0x080044b4                analogInputPin
 .rodata.digitalPin
                0x080044dc       0x8c .pio/build/bluepill_f103c8/FrameworkArduinoVariant/variant_PILL_F103Cx.cpp.o
                0x080044dc                digitalPin
 .rodata.aPredivFactorTable.0
                0x08004568        0x2 .pio/build/bluepill_f103c8/SrcWrapper/src/HAL/stm32yyxx_hal_rcc.c.o
 .rodata.aPLLMULFactorTable.1
                0x0800456a       0x10 .pio/build/bluepill_f103c8/SrcWrapper/src/HAL/stm32yyxx_hal_rcc.c.o
 .rodata.CSWTCH.75
                0x0800457a        0x4 .pio/build/bluepill_f103c8/SrcWrapper/src/HardwareTimer.cpp.o
 .rodata.CSWTCH.73
                0x0800457e        0x4 .pio/build/bluepill_f103c8/SrcWrapper/src/HardwareTimer.cpp.o
 .rodata.CSWTCH.71
                0x08004582        0x6 .pio/build/bluepill_f103c8/SrcWrapper/src/HardwareTimer.cpp.o
 .rodata.pin_map_ll
                0x08004588       0x40 .pio/build/bluepill_f103c8/SrcWrapper/src/stm32/pinmap.c.o
                0x08004588                pin_map_ll
 .rodata.APBPrescTable
                0x080045c8        0x8 .pio/build/bluepill_f103c8/SrcWrapper/src/stm32/system_stm32yyxx.c.o
                0x080045c8                APBPrescTable
 .rodata.AHBPrescTable
                0x080045d0       0x10 .pio/build/bluepill_f103c8/SrcWrapper/src/stm32/system_stm32yyxx.c.o
                0x080045d0                AHBPrescTable
 .rodata._ZTV14HardwareSerial
                0x080045e0       0x2c .pio/build/bluepill_f103c8/libFrameworkArduino.a(HardwareSerial.cpp.o)
                0x080045e0                vtable for HardwareSerial
                0x0800460c                        . = ALIGN (0x4)

.ARM.extab      0x0800460c        0x0
                0x0800460c                        . = ALIGN (0x4)
 *(.ARM.extab* .gnu.linkonce.armextab.*)
                0x0800460c                        . = ALIGN (0x4)

.ARM            0x0800460c        0x0
                0x0800460c                        . = ALIGN (0x4)
                0x0800460c                        __exidx_start = .
 *(.ARM.exidx*)
                0x0800460c                        __exidx_end = .
                0x0800460c                        . = ALIGN (0x4)

.preinit_array  0x0800460c        0x0
                0x0800460c                        . = ALIGN (0x4)
                0x0800460c                        PROVIDE (__preinit_array_start = .)
 *(.preinit_array*)
                0x0800460c                        PROVIDE (__preinit_array_end = .)
                0x0800460c                        . = ALIGN (0x4)

.init_array     0x0800460c       0x14
                0x0800460c                        . = ALIGN (0x4)
                0x0800460c                        PROVIDE (__init_array_start = .)
 *(SORT_BY_NAME(.init_array.*))
 .init_array.00101
                0x0800460c        0x4 .pio/build/bluepill_f103c8/libFrameworkArduino.a(main.cpp.o)
 *(.init_array*)
 .init_array    0x08004610        0x4 /home/k1mch1/.platformio/packages/toolchain-gccarmnoneeabi/bin/../lib/gcc/arm-none-eabi/12.3.1/thumb/v7-m/nofp/crtbegin.o
 .init_array    0x08004614        0x4 .pio/build/bluepill_f103c8/SrcWrapper/src/stm32/interrupt.cpp.o
 .init_array    0x08004618        0x4 .pio/build/bluepill_f103c8/src/experiments/005servoJerkyHypothesis.cpp.o
 .init_array    0x0800461c        0x4 .pio/build/bluepill_f103c8/libFrameworkArduino.a(HardwareSerial.cpp.o)
                0x08004620                        PROVIDE (__init_array_end = .)
                0x08004620                        . = ALIGN (0x4)

.fini_array     0x08004620        0xc
                0x08004620                        . = ALIGN (0x4)
                0x08004620                        PROVIDE (__fini_array_start = .)
 *(SORT_BY_NAME(.fini_array.*))
 *(.fini_array*)
 .fini_array    0x08004620        0x4 /home/k1mch1/.platformio/packages/toolchain-gccarmnoneeabi/bin/../lib/gcc/arm-none-eabi/12.3.1/thumb/v7-m/nofp/crtbegin.o
 .fini_array    0x08004624        0x4 .pio/build/bluepill_f103c8/SrcWrapper/src/stm32/interrupt.cpp.o
 .fini_array    0x08004628        0x4 .pio/build/bluepill_f103c8/src/experiments/005servoJerkyHypothesis.cpp.o
                0x0800462c                        PROVIDE (__fini_array_end = .)
                0x0800462c                        . = ALIGN (0x4)
                0x0800462c                        _sidata = LOADADDR (.data)

.rel.dyn        0x0800462c        0x0
 .rel.iplt      0x0800462c        0x0 /home/k1mch1/.platformio/packages/toolchain-gccarmnoneeabi/bin/../lib/gcc/arm-none-eabi/12.3.1/thumb/v7-m/nofp/crtbegin.o

.data           0x20000000       0x80 load address 0x0800462c
                0x20000000                        . = ALIGN (0x4)
                0x20000000                        _sdata = .
 *(.data)
 *(.data*)
 .data.uwTickFreq
                0x20000000        0x1 .pio/build/bluepill_f103c8/SrcWrapper/src/HAL/stm32yyxx_hal.c.o
                0x20000000                uwTickFreq
 *fill*         0x20000001        0x3 
 .data.uwTickPrio
                0x20000004        0x4 .pio/build/bluepill_f103c8/SrcWrapper/src/HAL/stm32yyxx_hal.c.o
                0x20000004                uwTickPrio
 .data.GPIOPort_list
                0x20000008       0x14 .pio/build/bluepill_f103c8/SrcWrapper/src/stm32/PortNames.c.o
                0x20000008                GPIOPort_list
 .data.hcrc     0x2000001c        0x8 .pio/build/bluepill_f103c8/SrcWrapper/src/stm32/hw_config.c.o
                0x2000001c                hcrc
 .data.SystemCoreClock
                0x20000024        0x4 .pio/build/bluepill_f103c8/SrcWrapper/src/stm32/system_stm32yyxx.c.o
                0x20000024                SystemCoreClock
 .data.currentHeapEnd.0
                0x20000028        0x4 .pio/build/bluepill_f103c8/libe9a/STM32duino FreeRTOS/heap.c.o
 .data.uxCriticalNesting
                0x2000002c        0x4 .pio/build/bluepill_f103c8/libe9a/STM32duino FreeRTOS/port.c.o
 .data._impure_ptr
                0x20000030        0x4 /home/k1mch1/.platformio/packages/toolchain-gccarmnoneeabi/bin/../lib/gcc/arm-none-eabi/12.3.1/../../../../arm-none-eabi/lib/thumb/v7-m/nofp/libc_nano.a(libc_a-impure.o)
                0x20000030                _impure_ptr
 .data._impure_data
                0x20000034       0x4c /home/k1mch1/.platformio/packages/toolchain-gccarmnoneeabi/bin/../lib/gcc/arm-none-eabi/12.3.1/../../../../arm-none-eabi/lib/thumb/v7-m/nofp/libc_nano.a(libc_a-impure.o)
                0x20000034                _impure_data
 *(.RamFunc)
 *(.RamFunc*)
                0x20000080                        . = ALIGN (0x4)
                0x20000080                        _edata = .

.igot.plt       0x20000080        0x0 load address 0x080046ac
 .igot.plt      0x20000080        0x0 /home/k1mch1/.platformio/packages/toolchain-gccarmnoneeabi/bin/../lib/gcc/arm-none-eabi/12.3.1/thumb/v7-m/nofp/crtbegin.o
                0x20000080                        . = ALIGN (0x4)

.bss            0x20000080      0x574 load address 0x080046ac
                0x20000080                        _sbss = .
                0x20000080                        __bss_start__ = _sbss
 *(.bss)
 *(.bss*)
 .bss.completed.1
                0x20000080        0x1 /home/k1mch1/.platformio/packages/toolchain-gccarmnoneeabi/bin/../lib/gcc/arm-none-eabi/12.3.1/thumb/v7-m/nofp/crtbegin.o
 *fill*         0x20000081        0x3 
 .bss.object.0  0x20000084       0x18 /home/k1mch1/.platformio/packages/toolchain-gccarmnoneeabi/bin/../lib/gcc/arm-none-eabi/12.3.1/thumb/v7-m/nofp/crtbegin.o
 .bss.uwTick    0x2000009c        0x4 .pio/build/bluepill_f103c8/SrcWrapper/src/HAL/stm32yyxx_hal.c.o
                0x2000009c                uwTick
 .bss.HardwareTimer_Handle
                0x200000a0       0x10 .pio/build/bluepill_f103c8/SrcWrapper/src/HardwareTimer.cpp.o
                0x200000a0                HardwareTimer_Handle
 .bss._ZL13gpio_irq_conf
                0x200000b0      0x140 .pio/build/bluepill_f103c8/SrcWrapper/src/stm32/interrupt.cpp.o
 .bss.uart_handlers
                0x200001f0        0xc .pio/build/bluepill_f103c8/SrcWrapper/src/stm32/uart.c.o
 .bss.uxSchedulerSuspended
                0x200001fc        0x4 .pio/build/bluepill_f103c8/libe9a/STM32duino FreeRTOS/FreeRTOS/Source/tasks.c.o
 .bss.xNextTaskUnblockTime
                0x20000200        0x4 .pio/build/bluepill_f103c8/libe9a/STM32duino FreeRTOS/FreeRTOS/Source/tasks.c.o
 .bss.xNumOfOverflows
                0x20000204        0x4 .pio/build/bluepill_f103c8/libe9a/STM32duino FreeRTOS/FreeRTOS/Source/tasks.c.o
 .bss.xYieldPending
                0x20000208        0x4 .pio/build/bluepill_f103c8/libe9a/STM32duino FreeRTOS/FreeRTOS/Source/tasks.c.o
 .bss.xPendedTicks
                0x2000020c        0x4 .pio/build/bluepill_f103c8/libe9a/STM32duino FreeRTOS/FreeRTOS/Source/tasks.c.o
 .bss.xSchedulerRunning
                0x20000210        0x4 .pio/build/bluepill_f103c8/libe9a/STM32duino FreeRTOS/FreeRTOS/Source/tasks.c.o
 .bss.uxTopReadyPriority
                0x20000214        0x4 .pio/build/bluepill_f103c8/libe9a/STM32duino FreeRTOS/FreeRTOS/Source/tasks.c.o
 .bss.xTickCount
                0x20000218        0x4 .pio/build/bluepill_f103c8/libe9a/STM32duino FreeRTOS/FreeRTOS/Source/tasks.c.o
 .bss.uxCurrentNumberOfTasks
                0x2000021c        0x4 .pio/build/bluepill_f103c8/libe9a/STM32duino FreeRTOS/FreeRTOS/Source/tasks.c.o
 .bss.xPendingReadyList
                0x20000220       0x14 .pio/build/bluepill_f103c8/libe9a/STM32duino FreeRTOS/FreeRTOS/Source/tasks.c.o
 .bss.pxOverflowDelayedTaskList
                0x20000234        0x4 .pio/build/bluepill_f103c8/libe9a/STM32duino FreeRTOS/FreeRTOS/Source/tasks.c.o
 .bss.pxDelayedTaskList
                0x20000238        0x4 .pio/build/bluepill_f103c8/libe9a/STM32duino FreeRTOS/FreeRTOS/Source/tasks.c.o
 .bss.pxReadyTasksLists
                0x2000023c       0x8c .pio/build/bluepill_f103c8/libe9a/STM32duino FreeRTOS/FreeRTOS/Source/tasks.c.o
 .bss.pxCurrentTCB
                0x200002c8        0x4 .pio/build/bluepill_f103c8/libe9a/STM32duino FreeRTOS/FreeRTOS/Source/tasks.c.o
                0x200002c8                pxCurrentTCB
 .bss.TotalHeapSize
                0x200002cc        0x4 .pio/build/bluepill_f103c8/libe9a/STM32duino FreeRTOS/heap.c.o
                0x200002cc                TotalHeapSize
 .bss.heapBytesRemaining
                0x200002d0        0x4 .pio/build/bluepill_f103c8/libe9a/STM32duino FreeRTOS/heap.c.o
 .bss.timerServo
                0x200002d4       0xb0 .pio/build/bluepill_f103c8/src/experiments/005servoJerkyHypothesis.cpp.o
                0x200002d4                timerServo
 .bss.g_anOutputPinConfigured
                0x20000384       0x14 .pio/build/bluepill_f103c8/libFrameworkArduino.a(wiring_analog.c.o)
                0x20000384                g_anOutputPinConfigured
 .bss.Serial1   0x20000398      0x118 .pio/build/bluepill_f103c8/libFrameworkArduino.a(HardwareSerial.cpp.o)
                0x20000398                Serial1
 .bss.__malloc_sbrk_start
                0x200004b0        0x4 /home/k1mch1/.platformio/packages/toolchain-gccarmnoneeabi/bin/../lib/gcc/arm-none-eabi/12.3.1/../../../../arm-none-eabi/lib/thumb/v7-m/nofp/libc_nano.a(libc_a-mallocr.o)
                0x200004b0                __malloc_sbrk_start
 .bss.__malloc_free_list
                0x200004b4        0x4 /home/k1mch1/.platformio/packages/toolchain-gccarmnoneeabi/bin/../lib/gcc/arm-none-eabi/12.3.1/../../../../arm-none-eabi/lib/thumb/v7-m/nofp/libc_nano.a(libc_a-mallocr.o)
                0x200004b4                __malloc_free_list
 .bss.__sf      0x200004b8      0x138 /home/k1mch1/.platformio/packages/toolchain-gccarmnoneeabi/bin/../lib/gcc/arm-none-eabi/12.3.1/../../../../arm-none-eabi/lib/thumb/v7-m/nofp/libc_nano.a(libc_a-findfp.o)
                0x200004b8                __sf
 .bss.errno     0x200005f0        0x4 /home/k1mch1/.platformio/packages/toolchain-gccarmnoneeabi/bin/../lib/gcc/arm-none-eabi/12.3.1/../../../../arm-none-eabi/lib/thumb/v7-m/nofp/libc_nano.a(libc_a-reent.o)
                0x200005f0                errno
 *(COMMON)
                0x200005f4                        . = ALIGN (0x4)
                0x200005f4                        _ebss = .
                0x200005f4                        __bss_end__ = _ebss
LOAD /home/k1mch1/.platformio/packages/toolchain-gccarmnoneeabi/bin/../lib/gcc/arm-none-eabi/12.3.1/thumb/v7-m/nofp/crti.o
LOAD /home/k1mch1/.platformio/packages/toolchain-gccarmnoneeabi/bin/../lib/gcc/arm-none-eabi/12.3.1/thumb/v7-m/nofp/crtbegin.o
LOAD /home/k1mch1/.platformio/packages/toolchain-gccarmnoneeabi/bin/../lib/gcc/arm-none-eabi/12.3.1/../../../../arm-none-eabi/lib/thumb/v7-m/nofp/crt0.o
                0x00010000                        LD_MAX_SIZE = 0x10000
                0x00005000                        LD_MAX_DATA_SIZE = 0x5000
                0x00000000                        LD_FLASH_OFFSET = 0x0
LOAD .pio/build/bluepill_f103c8/FrameworkArduinoVariant/PeripheralPins.c.o
LOAD .pio/build/bluepill_f103c8/FrameworkArduinoVariant/PeripheralPins_MALYANM200_F103CB.c.o
LOAD .pio/build/bluepill_f103c8/FrameworkArduinoVariant/generic_clock.c.o
LOAD .pio/build/bluepill_f103c8/FrameworkArduinoVariant/startup_M200_f103xb.S.o
LOAD .pio/build/bluepill_f103c8/FrameworkArduinoVariant/variant_AFROFLIGHT_F103CB.cpp.o
LOAD .pio/build/bluepill_f103c8/FrameworkArduinoVariant/variant_DATABOARD.cpp.o
LOAD .pio/build/bluepill_f103c8/FrameworkArduinoVariant/variant_MALYANM200_F103CB.cpp.o
LOAD .pio/build/bluepill_f103c8/FrameworkArduinoVariant/variant_MAPLEMINI_F103CB.cpp.o
LOAD .pio/build/bluepill_f103c8/FrameworkArduinoVariant/variant_PILL_F103Cx.cpp.o
LOAD .pio/build/bluepill_f103c8/FrameworkArduinoVariant/variant_generic.cpp.o
LOAD .pio/build/bluepill_f103c8/SrcWrapper/src/HAL/stm32yyxx_hal.c.o
LOAD .pio/build/bluepill_f103c8/SrcWrapper/src/HAL/stm32yyxx_hal_adc.c.o
LOAD .pio/build/bluepill_f103c8/SrcWrapper/src/HAL/stm32yyxx_hal_adc_ex.c.o
LOAD .pio/build/bluepill_f103c8/SrcWrapper/src/HAL/stm32yyxx_hal_can.c.o
LOAD .pio/build/bluepill_f103c8/SrcWrapper/src/HAL/stm32yyxx_hal_ccb.c.o
LOAD .pio/build/bluepill_f103c8/SrcWrapper/src/HAL/stm32yyxx_hal_cec.c.o
LOAD .pio/build/bluepill_f103c8/SrcWrapper/src/HAL/stm32yyxx_hal_comp.c.o
LOAD .pio/build/bluepill_f103c8/SrcWrapper/src/HAL/stm32yyxx_hal_comp_ex.c.o
LOAD .pio/build/bluepill_f103c8/SrcWrapper/src/HAL/stm32yyxx_hal_cordic.c.o
LOAD .pio/build/bluepill_f103c8/SrcWrapper/src/HAL/stm32yyxx_hal_cortex.c.o
LOAD .pio/build/bluepill_f103c8/SrcWrapper/src/HAL/stm32yyxx_hal_crc.c.o
LOAD .pio/build/bluepill_f103c8/SrcWrapper/src/HAL/stm32yyxx_hal_crc_ex.c.o
LOAD .pio/build/bluepill_f103c8/SrcWrapper/src/HAL/stm32yyxx_hal_cryp.c.o
LOAD .pio/build/bluepill_f103c8/SrcWrapper/src/HAL/stm32yyxx_hal_cryp_ex.c.o
LOAD .pio/build/bluepill_f103c8/SrcWrapper/src/HAL/stm32yyxx_hal_dac.c.o
LOAD .pio/build/bluepill_f103c8/SrcWrapper/src/HAL/stm32yyxx_hal_dac_ex.c.o
LOAD .pio/build/bluepill_f103c8/SrcWrapper/src/HAL/stm32yyxx_hal_dcache.c.o
LOAD .pio/build/bluepill_f103c8/SrcWrapper/src/HAL/stm32yyxx_hal_dcmi.c.o
LOAD .pio/build/bluepill_f103c8/SrcWrapper/src/HAL/stm32yyxx_hal_dcmi_ex.c.o
LOAD .pio/build/bluepill_f103c8/SrcWrapper/src/HAL/stm32yyxx_hal_dfsdm.c.o
LOAD .pio/build/bluepill_f103c8/SrcWrapper/src/HAL/stm32yyxx_hal_dfsdm_ex.c.o
LOAD .pio/build/bluepill_f103c8/SrcWrapper/src/HAL/stm32yyxx_hal_dma.c.o
LOAD .pio/build/bluepill_f103c8/SrcWrapper/src/HAL/stm32yyxx_hal_dma2d.c.o
LOAD .pio/build/bluepill_f103c8/SrcWrapper/src/HAL/stm32yyxx_hal_dma_ex.c.o
LOAD .pio/build/bluepill_f103c8/SrcWrapper/src/HAL/stm32yyxx_hal_dsi.c.o
LOAD .pio/build/bluepill_f103c8/SrcWrapper/src/HAL/stm32yyxx_hal_dts.c.o
LOAD .pio/build/bluepill_f103c8/SrcWrapper/src/HAL/stm32yyxx_hal_eth.c.o
LOAD .pio/build/bluepill_f103c8/SrcWrapper/src/HAL/stm32yyxx_hal_eth_ex.c.o
LOAD .pio/build/bluepill_f103c8/SrcWrapper/src/HAL/stm32yyxx_hal_exti.c.o
LOAD .pio/build/bluepill_f103c8/SrcWrapper/src/HAL/stm32yyxx_hal_fdcan.c.o
LOAD .pio/build/bluepill_f103c8/SrcWrapper/src/HAL/stm32yyxx_hal_firewall.c.o
LOAD .pio/build/bluepill_f103c8/SrcWrapper/src/HAL/stm32yyxx_hal_flash.c.o
LOAD .pio/build/bluepill_f103c8/SrcWrapper/src/HAL/stm32yyxx_hal_flash_ex.c.o
LOAD .pio/build/bluepill_f103c8/SrcWrapper/src/HAL/stm32yyxx_hal_flash_ramfunc.c.o
LOAD .pio/build/bluepill_f103c8/SrcWrapper/src/HAL/stm32yyxx_hal_fmac.c.o
LOAD .pio/build/bluepill_f103c8/SrcWrapper/src/HAL/stm32yyxx_hal_fmpi2c.c.o
LOAD .pio/build/bluepill_f103c8/SrcWrapper/src/HAL/stm32yyxx_hal_fmpi2c_ex.c.o
LOAD .pio/build/bluepill_f103c8/SrcWrapper/src/HAL/stm32yyxx_hal_fmpsmbus.c.o
LOAD .pio/build/bluepill_f103c8/SrcWrapper/src/HAL/stm32yyxx_hal_fmpsmbus_ex.c.o
LOAD .pio/build/bluepill_f103c8/SrcWrapper/src/HAL/stm32yyxx_hal_gfxmmu.c.o
LOAD .pio/build/bluepill_f103c8/SrcWrapper/src/HAL/stm32yyxx_hal_gfxtim.c.o
LOAD .pio/build/bluepill_f103c8/SrcWrapper/src/HAL/stm32yyxx_hal_gpio.c.o
LOAD .pio/build/bluepill_f103c8/SrcWrapper/src/HAL/stm32yyxx_hal_gpio_ex.c.o
LOAD .pio/build/bluepill_f103c8/SrcWrapper/src/HAL/stm32yyxx_hal_gpu2d.c.o
LOAD .pio/build/bluepill_f103c8/SrcWrapper/src/HAL/stm32yyxx_hal_gtzc.c.o
LOAD .pio/build/bluepill_f103c8/SrcWrapper/src/HAL/stm32yyxx_hal_hash.c.o
LOAD .pio/build/bluepill_f103c8/SrcWrapper/src/HAL/stm32yyxx_hal_hash_ex.c.o
LOAD .pio/build/bluepill_f103c8/SrcWrapper/src/HAL/stm32yyxx_hal_hcd.c.o
LOAD .pio/build/bluepill_f103c8/SrcWrapper/src/HAL/stm32yyxx_hal_hrtim.c.o
LOAD .pio/build/bluepill_f103c8/SrcWrapper/src/HAL/stm32yyxx_hal_hsem.c.o
LOAD .pio/build/bluepill_f103c8/SrcWrapper/src/HAL/stm32yyxx_hal_i2c.c.o
LOAD .pio/build/bluepill_f103c8/SrcWrapper/src/HAL/stm32yyxx_hal_i2c_ex.c.o
LOAD .pio/build/bluepill_f103c8/SrcWrapper/src/HAL/stm32yyxx_hal_i2s.c.o
LOAD .pio/build/bluepill_f103c8/SrcWrapper/src/HAL/stm32yyxx_hal_i2s_ex.c.o
LOAD .pio/build/bluepill_f103c8/SrcWrapper/src/HAL/stm32yyxx_hal_i3c.c.o
LOAD .pio/build/bluepill_f103c8/SrcWrapper/src/HAL/stm32yyxx_hal_icache.c.o
LOAD .pio/build/bluepill_f103c8/SrcWrapper/src/HAL/stm32yyxx_hal_ipcc.c.o
LOAD .pio/build/bluepill_f103c8/SrcWrapper/src/HAL/stm32yyxx_hal_irda.c.o
LOAD .pio/build/bluepill_f103c8/SrcWrapper/src/HAL/stm32yyxx_hal_iwdg.c.o
LOAD .pio/build/bluepill_f103c8/SrcWrapper/src/HAL/stm32yyxx_hal_jpeg.c.o
LOAD .pio/build/bluepill_f103c8/SrcWrapper/src/HAL/stm32yyxx_hal_lcd.c.o
LOAD .pio/build/bluepill_f103c8/SrcWrapper/src/HAL/stm32yyxx_hal_lpawur.c.o
LOAD .pio/build/bluepill_f103c8/SrcWrapper/src/HAL/stm32yyxx_hal_lptim.c.o
LOAD .pio/build/bluepill_f103c8/SrcWrapper/src/HAL/stm32yyxx_hal_ltdc.c.o
LOAD .pio/build/bluepill_f103c8/SrcWrapper/src/HAL/stm32yyxx_hal_ltdc_ex.c.o
LOAD .pio/build/bluepill_f103c8/SrcWrapper/src/HAL/stm32yyxx_hal_mdf.c.o
LOAD .pio/build/bluepill_f103c8/SrcWrapper/src/HAL/stm32yyxx_hal_mdios.c.o
LOAD .pio/build/bluepill_f103c8/SrcWrapper/src/HAL/stm32yyxx_hal_mdma.c.o
LOAD .pio/build/bluepill_f103c8/SrcWrapper/src/HAL/stm32yyxx_hal_mmc.c.o
LOAD .pio/build/bluepill_f103c8/SrcWrapper/src/HAL/stm32yyxx_hal_mmc_ex.c.o
LOAD .pio/build/bluepill_f103c8/SrcWrapper/src/HAL/stm32yyxx_hal_mrsubg.c.o
LOAD .pio/build/bluepill_f103c8/SrcWrapper/src/HAL/stm32yyxx_hal_mrsubg_timer.c.o
LOAD .pio/build/bluepill_f103c8/SrcWrapper/src/HAL/stm32yyxx_hal_nand.c.o
LOAD .pio/build/bluepill_f103c8/SrcWrapper/src/HAL/stm32yyxx_hal_nor.c.o
LOAD .pio/build/bluepill_f103c8/SrcWrapper/src/HAL/stm32yyxx_hal_opamp.c.o
LOAD .pio/build/bluepill_f103c8/SrcWrapper/src/HAL/stm32yyxx_hal_opamp_ex.c.o
LOAD .pio/build/bluepill_f103c8/SrcWrapper/src/HAL/stm32yyxx_hal_ospi.c.o
LOAD .pio/build/bluepill_f103c8/SrcWrapper/src/HAL/stm32yyxx_hal_otfdec.c.o
LOAD .pio/build/bluepill_f103c8/SrcWrapper/src/HAL/stm32yyxx_hal_pccard.c.o
LOAD .pio/build/bluepill_f103c8/SrcWrapper/src/HAL/stm32yyxx_hal_pcd.c.o
LOAD .pio/build/bluepill_f103c8/SrcWrapper/src/HAL/stm32yyxx_hal_pcd_ex.c.o
LOAD .pio/build/bluepill_f103c8/SrcWrapper/src/HAL/stm32yyxx_hal_pka.c.o
LOAD .pio/build/bluepill_f103c8/SrcWrapper/src/HAL/stm32yyxx_hal_pssi.c.o
LOAD .pio/build/bluepill_f103c8/SrcWrapper/src/HAL/stm32yyxx_hal_pwr.c.o
LOAD .pio/build/bluepill_f103c8/SrcWrapper/src/HAL/stm32yyxx_hal_pwr_ex.c.o
LOAD .pio/build/bluepill_f103c8/SrcWrapper/src/HAL/stm32yyxx_hal_qspi.c.o
LOAD .pio/build/bluepill_f103c8/SrcWrapper/src/HAL/stm32yyxx_hal_radio.c.o
LOAD .pio/build/bluepill_f103c8/SrcWrapper/src/HAL/stm32yyxx_hal_radio_timer.c.o
LOAD .pio/build/bluepill_f103c8/SrcWrapper/src/HAL/stm32yyxx_hal_ramcfg.c.o
LOAD .pio/build/bluepill_f103c8/SrcWrapper/src/HAL/stm32yyxx_hal_ramecc.c.o
LOAD .pio/build/bluepill_f103c8/SrcWrapper/src/HAL/stm32yyxx_hal_rcc.c.o
LOAD .pio/build/bluepill_f103c8/SrcWrapper/src/HAL/stm32yyxx_hal_rcc_ex.c.o
LOAD .pio/build/bluepill_f103c8/SrcWrapper/src/HAL/stm32yyxx_hal_rng.c.o
LOAD .pio/build/bluepill_f103c8/SrcWrapper/src/HAL/stm32yyxx_hal_rng_ex.c.o
LOAD .pio/build/bluepill_f103c8/SrcWrapper/src/HAL/stm32yyxx_hal_rtc.c.o
LOAD .pio/build/bluepill_f103c8/SrcWrapper/src/HAL/stm32yyxx_hal_rtc_ex.c.o
LOAD .pio/build/bluepill_f103c8/SrcWrapper/src/HAL/stm32yyxx_hal_sai.c.o
LOAD .pio/build/bluepill_f103c8/SrcWrapper/src/HAL/stm32yyxx_hal_sai_ex.c.o
LOAD .pio/build/bluepill_f103c8/SrcWrapper/src/HAL/stm32yyxx_hal_sd.c.o
LOAD .pio/build/bluepill_f103c8/SrcWrapper/src/HAL/stm32yyxx_hal_sd_ex.c.o
LOAD .pio/build/bluepill_f103c8/SrcWrapper/src/HAL/stm32yyxx_hal_sdadc.c.o
LOAD .pio/build/bluepill_f103c8/SrcWrapper/src/HAL/stm32yyxx_hal_sdio.c.o
LOAD .pio/build/bluepill_f103c8/SrcWrapper/src/HAL/stm32yyxx_hal_sdram.c.o
LOAD .pio/build/bluepill_f103c8/SrcWrapper/src/HAL/stm32yyxx_hal_smartcard.c.o
LOAD .pio/build/bluepill_f103c8/SrcWrapper/src/HAL/stm32yyxx_hal_smartcard_ex.c.o
LOAD .pio/build/bluepill_f103c8/SrcWrapper/src/HAL/stm32yyxx_hal_smbus.c.o
LOAD .pio/build/bluepill_f103c8/SrcWrapper/src/HAL/stm32yyxx_hal_smbus_ex.c.o
LOAD .pio/build/bluepill_f103c8/SrcWrapper/src/HAL/stm32yyxx_hal_spdifrx.c.o
LOAD .pio/build/bluepill_f103c8/SrcWrapper/src/HAL/stm32yyxx_hal_spi.c.o
LOAD .pio/build/bluepill_f103c8/SrcWrapper/src/HAL/stm32yyxx_hal_spi_ex.c.o
LOAD .pio/build/bluepill_f103c8/SrcWrapper/src/HAL/stm32yyxx_hal_sram.c.o
LOAD .pio/build/bluepill_f103c8/SrcWrapper/src/HAL/stm32yyxx_hal_subghz.c.o
LOAD .pio/build/bluepill_f103c8/SrcWrapper/src/HAL/stm32yyxx_hal_swpmi.c.o
LOAD .pio/build/bluepill_f103c8/SrcWrapper/src/HAL/stm32yyxx_hal_tim.c.o
LOAD .pio/build/bluepill_f103c8/SrcWrapper/src/HAL/stm32yyxx_hal_tim_ex.c.o
LOAD .pio/build/bluepill_f103c8/SrcWrapper/src/HAL/stm32yyxx_hal_tsc.c.o
LOAD .pio/build/bluepill_f103c8/SrcWrapper/src/HAL/stm32yyxx_hal_uart.c.o
LOAD .pio/build/bluepill_f103c8/SrcWrapper/src/HAL/stm32yyxx_hal_uart_ex.c.o
LOAD .pio/build/bluepill_f103c8/SrcWrapper/src/HAL/stm32yyxx_hal_usart.c.o
LOAD .pio/build/bluepill_f103c8/SrcWrapper/src/HAL/stm32yyxx_hal_usart_ex.c.o
LOAD .pio/build/bluepill_f103c8/SrcWrapper/src/HAL/stm32yyxx_hal_wwdg.c.o
LOAD .pio/build/bluepill_f103c8/SrcWrapper/src/HAL/stm32yyxx_hal_xspi.c.o
LOAD .pio/build/bluepill_f103c8/SrcWrapper/src/HardwareTimer.cpp.o
LOAD .pio/build/bluepill_f103c8/SrcWrapper/src/LL/stm32yyxx_ll_adc.c.o
LOAD .pio/build/bluepill_f103c8/SrcWrapper/src/LL/stm32yyxx_ll_bdma.c.o
LOAD .pio/build/bluepill_f103c8/SrcWrapper/src/LL/stm32yyxx_ll_comp.c.o
LOAD .pio/build/bluepill_f103c8/SrcWrapper/src/LL/stm32yyxx_ll_cordic.c.o
LOAD .pio/build/bluepill_f103c8/SrcWrapper/src/LL/stm32yyxx_ll_crc.c.o
LOAD .pio/build/bluepill_f103c8/SrcWrapper/src/LL/stm32yyxx_ll_crs.c.o
LOAD .pio/build/bluepill_f103c8/SrcWrapper/src/LL/stm32yyxx_ll_dac.c.o
LOAD .pio/build/bluepill_f103c8/SrcWrapper/src/LL/stm32yyxx_ll_delayblock.c.o
LOAD .pio/build/bluepill_f103c8/SrcWrapper/src/LL/stm32yyxx_ll_dlyb.c.o
LOAD .pio/build/bluepill_f103c8/SrcWrapper/src/LL/stm32yyxx_ll_dma.c.o
LOAD .pio/build/bluepill_f103c8/SrcWrapper/src/LL/stm32yyxx_ll_dma2d.c.o
LOAD .pio/build/bluepill_f103c8/SrcWrapper/src/LL/stm32yyxx_ll_exti.c.o
LOAD .pio/build/bluepill_f103c8/SrcWrapper/src/LL/stm32yyxx_ll_fmac.c.o
LOAD .pio/build/bluepill_f103c8/SrcWrapper/src/LL/stm32yyxx_ll_fmc.c.o
LOAD .pio/build/bluepill_f103c8/SrcWrapper/src/LL/stm32yyxx_ll_fmpi2c.c.o
LOAD .pio/build/bluepill_f103c8/SrcWrapper/src/LL/stm32yyxx_ll_fsmc.c.o
LOAD .pio/build/bluepill_f103c8/SrcWrapper/src/LL/stm32yyxx_ll_gpio.c.o
LOAD .pio/build/bluepill_f103c8/SrcWrapper/src/LL/stm32yyxx_ll_hrtim.c.o
LOAD .pio/build/bluepill_f103c8/SrcWrapper/src/LL/stm32yyxx_ll_i2c.c.o
LOAD .pio/build/bluepill_f103c8/SrcWrapper/src/LL/stm32yyxx_ll_i3c.c.o
LOAD .pio/build/bluepill_f103c8/SrcWrapper/src/LL/stm32yyxx_ll_icache.c.o
LOAD .pio/build/bluepill_f103c8/SrcWrapper/src/LL/stm32yyxx_ll_lcsc.c.o
LOAD .pio/build/bluepill_f103c8/SrcWrapper/src/LL/stm32yyxx_ll_lpgpio.c.o
LOAD .pio/build/bluepill_f103c8/SrcWrapper/src/LL/stm32yyxx_ll_lptim.c.o
LOAD .pio/build/bluepill_f103c8/SrcWrapper/src/LL/stm32yyxx_ll_lpuart.c.o
LOAD .pio/build/bluepill_f103c8/SrcWrapper/src/LL/stm32yyxx_ll_mdma.c.o
LOAD .pio/build/bluepill_f103c8/SrcWrapper/src/LL/stm32yyxx_ll_opamp.c.o
LOAD .pio/build/bluepill_f103c8/SrcWrapper/src/LL/stm32yyxx_ll_pka.c.o
LOAD .pio/build/bluepill_f103c8/SrcWrapper/src/LL/stm32yyxx_ll_pwr.c.o
LOAD .pio/build/bluepill_f103c8/SrcWrapper/src/LL/stm32yyxx_ll_rcc.c.o
LOAD .pio/build/bluepill_f103c8/SrcWrapper/src/LL/stm32yyxx_ll_rng.c.o
LOAD .pio/build/bluepill_f103c8/SrcWrapper/src/LL/stm32yyxx_ll_rtc.c.o
LOAD .pio/build/bluepill_f103c8/SrcWrapper/src/LL/stm32yyxx_ll_sdmmc.c.o
LOAD .pio/build/bluepill_f103c8/SrcWrapper/src/LL/stm32yyxx_ll_spi.c.o
LOAD .pio/build/bluepill_f103c8/SrcWrapper/src/LL/stm32yyxx_ll_swpmi.c.o
LOAD .pio/build/bluepill_f103c8/SrcWrapper/src/LL/stm32yyxx_ll_system.c.o
LOAD .pio/build/bluepill_f103c8/SrcWrapper/src/LL/stm32yyxx_ll_tim.c.o
LOAD .pio/build/bluepill_f103c8/SrcWrapper/src/LL/stm32yyxx_ll_ucpd.c.o
LOAD .pio/build/bluepill_f103c8/SrcWrapper/src/LL/stm32yyxx_ll_usart.c.o
LOAD .pio/build/bluepill_f103c8/SrcWrapper/src/LL/stm32yyxx_ll_usb.c.o
LOAD .pio/build/bluepill_f103c8/SrcWrapper/src/LL/stm32yyxx_ll_utils.c.o
LOAD .pio/build/bluepill_f103c8/SrcWrapper/src/new.cpp.o
LOAD .pio/build/bluepill_f103c8/SrcWrapper/src/stm32/PortNames.c.o
LOAD .pio/build/bluepill_f103c8/SrcWrapper/src/stm32/analog.cpp.o
LOAD .pio/build/bluepill_f103c8/SrcWrapper/src/stm32/bootloader.c.o
LOAD .pio/build/bluepill_f103c8/SrcWrapper/src/stm32/clock.c.o
LOAD .pio/build/bluepill_f103c8/SrcWrapper/src/stm32/core_callback.c.o
LOAD .pio/build/bluepill_f103c8/SrcWrapper/src/stm32/dwt.c.o
LOAD .pio/build/bluepill_f103c8/SrcWrapper/src/stm32/hw_config.c.o
LOAD .pio/build/bluepill_f103c8/SrcWrapper/src/stm32/interrupt.cpp.o
LOAD .pio/build/bluepill_f103c8/SrcWrapper/src/stm32/otp.c.o
LOAD .pio/build/bluepill_f103c8/SrcWrapper/src/stm32/pinmap.c.o
LOAD .pio/build/bluepill_f103c8/SrcWrapper/src/stm32/stm32_def.c.o
LOAD .pio/build/bluepill_f103c8/SrcWrapper/src/stm32/system_stm32yyxx.c.o
LOAD .pio/build/bluepill_f103c8/SrcWrapper/src/stm32/timer.c.o
LOAD .pio/build/bluepill_f103c8/SrcWrapper/src/stm32/uart.c.o
LOAD .pio/build/bluepill_f103c8/SrcWrapper/src/syscalls.c.o
LOAD .pio/build/bluepill_f103c8/libe9a/STM32duino FreeRTOS/FreeRTOS/Source/croutine.c.o
LOAD .pio/build/bluepill_f103c8/libe9a/STM32duino FreeRTOS/FreeRTOS/Source/event_groups.c.o
LOAD .pio/build/bluepill_f103c8/libe9a/STM32duino FreeRTOS/FreeRTOS/Source/list.c.o
LOAD .pio/build/bluepill_f103c8/libe9a/STM32duino FreeRTOS/FreeRTOS/Source/queue.c.o
LOAD .pio/build/bluepill_f103c8/libe9a/STM32duino FreeRTOS/FreeRTOS/Source/stream_buffer.c.o
LOAD .pio/build/bluepill_f103c8/libe9a/STM32duino FreeRTOS/FreeRTOS/Source/tasks.c.o
LOAD .pio/build/bluepill_f103c8/libe9a/STM32duino FreeRTOS/FreeRTOS/Source/timers.c.o
LOAD .pio/build/bluepill_f103c8/libe9a/STM32duino FreeRTOS/STM32FreeRTOS.c.o
LOAD .pio/build/bluepill_f103c8/libe9a/STM32duino FreeRTOS/cmsis_os.c.o
LOAD .pio/build/bluepill_f103c8/libe9a/STM32duino FreeRTOS/heap.c.o
LOAD .pio/build/bluepill_f103c8/libe9a/STM32duino FreeRTOS/mpu_wrappers.c.o
LOAD .pio/build/bluepill_f103c8/libe9a/STM32duino FreeRTOS/port.c.o
LOAD .pio/build/bluepill_f103c8/libe9a/STM32duino FreeRTOS/portasm.c.o
LOAD .pio/build/bluepill_f103c8/src/experiments/005servoJerkyHypothesis.cpp.o
START GROUP
LOAD .pio/build/bluepill_f103c8/libFrameworkArduino.a
LOAD /home/k1mch1/.platformio/packages/toolchain-gccarmnoneeabi/bin/../lib/gcc/arm-none-eabi/12.3.1/thumb/v7-m/nofp/libgcc.a
LOAD /home/k1mch1/.platformio/packages/toolchain-gccarmnoneeabi/bin/../lib/gcc/arm-none-eabi/12.3.1/../../../../arm-none-eabi/lib/thumb/v7-m/nofp/libstdc++_nano.a
END GROUP
LOAD /home/k1mch1/.platformio/packages/toolchain-gccarmnoneeabi/bin/../lib/gcc/arm-none-eabi/12.3.1/../../../../arm-none-eabi/lib/thumb/v7-m/nofp/libstdc++_nano.a
LOAD /home/k1mch1/.platformio/packages/toolchain-gccarmnoneeabi/bin/../lib/gcc/arm-none-eabi/12.3.1/../../../../arm-none-eabi/lib/thumb/v7-m/nofp/libm.a
LOAD /home/k1mch1/.platformio/packages/toolchain-gccarmnoneeabi/bin/../lib/gcc/arm-none-eabi/12.3.1/../../../../arm-none-eabi/lib/thumb/v7-m/nofp/libc_nano.a
START GROUP
LOAD /home/k1mch1/.platformio/packages/toolchain-gccarmnoneeabi/bin/../lib/gcc/arm-none-eabi/12.3.1/thumb/v7-m/nofp/libgcc.a
LOAD /home/k1mch1/.platformio/packages/toolchain-gccarmnoneeabi/bin/../lib/gcc/arm-none-eabi/12.3.1/../../../../arm-none-eabi/lib/thumb/v7-m/nofp/libc_nano.a
END GROUP
START GROUP
LOAD /home/k1mch1/.platformio/packages/toolchain-gccarmnoneeabi/bin/../lib/gcc/arm-none-eabi/12.3.1/thumb/v7-m/nofp/libgcc.a
LOAD /home/k1mch1/.platformio/packages/toolchain-gccarmnoneeabi/bin/../lib/gcc/arm-none-eabi/12.3.1/../../../../arm-none-eabi/lib/thumb/v7-m/nofp/libc_nano.a
END GROUP
LOAD /home/k1mch1/.platformio/packages/toolchain-gccarmnoneeabi/bin/../lib/gcc/arm-none-eabi/12.3.1/thumb/v7-m/nofp/crtend.o
LOAD /home/k1mch1/.platformio/packages/toolchain-gccarmnoneeabi/bin/../lib/gcc/arm-none-eabi/12.3.1/thumb/v7-m/nofp/crtn.o

.noinit         0x200005f4        0x0
                0x200005f4                        . = ALIGN (0x4)
                0x200005f4                        _snoinit = .
 *(.noinit)
 *(.noinit*)
                0x200005f4                        . = ALIGN (0x4)
                0x200005f4                        _enoinit = .

._user_heap_stack
                0x200005f4      0x604
                0x200005f8                        . = ALIGN (0x8)
 *fill*         0x200005f4        0x4 
                0x200005f8                        PROVIDE (end = .)
                0x200005f8                        PROVIDE (_end = .)
                0x200007f8                        . = (. + _Min_Heap_Size)
 *fill*         0x200005f8      0x200 
                0x20000bf8                        . = (. + _Min_Stack_Size)
 *fill*         0x200007f8      0x400 
                0x20000bf8                        . = ALIGN (0x8)

/DISCARD/
 libc.a(*)
 libm.a(*)
 libgcc.a(*)

.ARM.attributes
                0x00000000       0x29
 *(.ARM.attributes)
 .ARM.attributes
                0x00000000       0x1d /home/k1mch1/.platformio/packages/toolchain-gccarmnoneeabi/bin/../lib/gcc/arm-none-eabi/12.3.1/thumb/v7-m/nofp/crti.o
 .ARM.attributes
                0x0000001d       0x2d /home/k1mch1/.platformio/packages/toolchain-gccarmnoneeabi/bin/../lib/gcc/arm-none-eabi/12.3.1/thumb/v7-m/nofp/crtbegin.o
 .ARM.attributes
                0x0000004a       0x2d .pio/build/bluepill_f103c8/FrameworkArduinoVariant/PeripheralPins.c.o
 .ARM.attributes
                0x00000077       0x2d .pio/build/bluepill_f103c8/FrameworkArduinoVariant/variant_PILL_F103Cx.cpp.o
 .ARM.attributes
                0x000000a4       0x2d .pio/build/bluepill_f103c8/SrcWrapper/src/HAL/stm32yyxx_hal.c.o
 .ARM.attributes
                0x000000d1       0x2d .pio/build/bluepill_f103c8/SrcWrapper/src/HAL/stm32yyxx_hal_cortex.c.o
 .ARM.attributes
                0x000000fe       0x2d .pio/build/bluepill_f103c8/SrcWrapper/src/HAL/stm32yyxx_hal_crc.c.o
 .ARM.attributes
                0x0000012b       0x2d .pio/build/bluepill_f103c8/SrcWrapper/src/HAL/stm32yyxx_hal_dma.c.o
 .ARM.attributes
                0x00000158       0x2d .pio/build/bluepill_f103c8/SrcWrapper/src/HAL/stm32yyxx_hal_gpio.c.o
 .ARM.attributes
                0x00000185       0x2d .pio/build/bluepill_f103c8/SrcWrapper/src/HAL/stm32yyxx_hal_rcc.c.o
 .ARM.attributes
                0x000001b2       0x2d .pio/build/bluepill_f103c8/SrcWrapper/src/HAL/stm32yyxx_hal_rcc_ex.c.o
 .ARM.attributes
                0x000001df       0x2d .pio/build/bluepill_f103c8/SrcWrapper/src/HAL/stm32yyxx_hal_tim.c.o
 .ARM.attributes
                0x0000020c       0x2d .pio/build/bluepill_f103c8/SrcWrapper/src/HAL/stm32yyxx_hal_tim_ex.c.o
 .ARM.attributes
                0x00000239       0x2d .pio/build/bluepill_f103c8/SrcWrapper/src/HAL/stm32yyxx_hal_uart.c.o
 .ARM.attributes
                0x00000266       0x2d .pio/build/bluepill_f103c8/SrcWrapper/src/HardwareTimer.cpp.o
 .ARM.attributes
                0x00000293       0x2d .pio/build/bluepill_f103c8/SrcWrapper/src/new.cpp.o
 .ARM.attributes
                0x000002c0       0x2d .pio/build/bluepill_f103c8/SrcWrapper/src/stm32/PortNames.c.o
 .ARM.attributes
                0x000002ed       0x2d .pio/build/bluepill_f103c8/SrcWrapper/src/stm32/analog.cpp.o
 .ARM.attributes
                0x0000031a       0x2d .pio/build/bluepill_f103c8/SrcWrapper/src/stm32/clock.c.o
 .ARM.attributes
                0x00000347       0x2d .pio/build/bluepill_f103c8/SrcWrapper/src/stm32/dwt.c.o
 .ARM.attributes
                0x00000374       0x2d .pio/build/bluepill_f103c8/SrcWrapper/src/stm32/hw_config.c.o
 .ARM.attributes
                0x000003a1       0x2d .pio/build/bluepill_f103c8/SrcWrapper/src/stm32/interrupt.cpp.o
 .ARM.attributes
                0x000003ce       0x2d .pio/build/bluepill_f103c8/SrcWrapper/src/stm32/pinmap.c.o
 .ARM.attributes
                0x000003fb       0x2d .pio/build/bluepill_f103c8/SrcWrapper/src/stm32/system_stm32yyxx.c.o
 .ARM.attributes
                0x00000428       0x2d .pio/build/bluepill_f103c8/SrcWrapper/src/stm32/timer.c.o
 .ARM.attributes
                0x00000455       0x2d .pio/build/bluepill_f103c8/SrcWrapper/src/stm32/uart.c.o
 .ARM.attributes
                0x00000482       0x2d .pio/build/bluepill_f103c8/SrcWrapper/src/syscalls.c.o
 .ARM.attributes
                0x000004af       0x2d .pio/build/bluepill_f103c8/libe9a/STM32duino FreeRTOS/FreeRTOS/Source/list.c.o
 .ARM.attributes
                0x000004dc       0x2d .pio/build/bluepill_f103c8/libe9a/STM32duino FreeRTOS/FreeRTOS/Source/tasks.c.o
 .ARM.attributes
                0x00000509       0x2d .pio/build/bluepill_f103c8/libe9a/STM32duino FreeRTOS/STM32FreeRTOS.c.o
 .ARM.attributes
                0x00000536       0x2d .pio/build/bluepill_f103c8/libe9a/STM32duino FreeRTOS/cmsis_os.c.o
 .ARM.attributes
                0x00000563       0x2d .pio/build/bluepill_f103c8/libe9a/STM32duino FreeRTOS/heap.c.o
 .ARM.attributes
                0x00000590       0x2d .pio/build/bluepill_f103c8/libe9a/STM32duino FreeRTOS/port.c.o
 .ARM.attributes
                0x000005bd       0x2d .pio/build/bluepill_f103c8/src/experiments/005servoJerkyHypothesis.cpp.o
 .ARM.attributes
                0x000005ea       0x2d .pio/build/bluepill_f103c8/libFrameworkArduino.a(main.cpp.o)
 .ARM.attributes
                0x00000617       0x2d .pio/build/bluepill_f103c8/libFrameworkArduino.a(pins_arduino.c.o)
 .ARM.attributes
                0x00000644       0x21 .pio/build/bluepill_f103c8/libFrameworkArduino.a(startup_stm32yyxx.S.o)
 .ARM.attributes
                0x00000665       0x2d .pio/build/bluepill_f103c8/libFrameworkArduino.a(wiring_digital.c.o)
 .ARM.attributes
                0x00000692       0x2d .pio/build/bluepill_f103c8/libFrameworkArduino.a(wiring_time.c.o)
 .ARM.attributes
                0x000006bf       0x2d .pio/build/bluepill_f103c8/libFrameworkArduino.a(WSerial.cpp.o)
 .ARM.attributes
                0x000006ec       0x2d .pio/build/bluepill_f103c8/libFrameworkArduino.a(board.c.o)
 .ARM.attributes
                0x00000719       0x2d .pio/build/bluepill_f103c8/libFrameworkArduino.a(hooks.c.o)
 .ARM.attributes
                0x00000746       0x2d .pio/build/bluepill_f103c8/libFrameworkArduino.a(wiring_analog.c.o)
 .ARM.attributes
                0x00000773       0x2d .pio/build/bluepill_f103c8/libFrameworkArduino.a(HardwareSerial.cpp.o)
 .ARM.attributes
                0x000007a0       0x2d .pio/build/bluepill_f103c8/libFrameworkArduino.a(Stream.cpp.o)
 .ARM.attributes
                0x000007cd       0x1d /home/k1mch1/.platformio/packages/toolchain-gccarmnoneeabi/bin/../lib/gcc/arm-none-eabi/12.3.1/thumb/v7-m/nofp/libgcc.a(_arm_addsubsf3.o)
 .ARM.attributes
                0x000007ea       0x1d /home/k1mch1/.platformio/packages/toolchain-gccarmnoneeabi/bin/../lib/gcc/arm-none-eabi/12.3.1/thumb/v7-m/nofp/libgcc.a(_arm_muldivsf3.o)
 .ARM.attributes
                0x00000807       0x1d /home/k1mch1/.platformio/packages/toolchain-gccarmnoneeabi/bin/../lib/gcc/arm-none-eabi/12.3.1/thumb/v7-m/nofp/libgcc.a(_arm_fixunssfsi.o)
 .ARM.attributes
                0x00000824       0x2d /home/k1mch1/.platformio/packages/toolchain-gccarmnoneeabi/bin/../lib/gcc/arm-none-eabi/12.3.1/../../../../arm-none-eabi/lib/thumb/v7-m/nofp/libstdc++_nano.a(functional.o)
 .ARM.attributes
                0x00000851       0x2d /home/k1mch1/.platformio/packages/toolchain-gccarmnoneeabi/bin/../lib/gcc/arm-none-eabi/12.3.1/../../../../arm-none-eabi/lib/thumb/v7-m/nofp/libc_nano.a(libc_a-abort.o)
 .ARM.attributes
                0x0000087e       0x2d /home/k1mch1/.platformio/packages/toolchain-gccarmnoneeabi/bin/../lib/gcc/arm-none-eabi/12.3.1/../../../../arm-none-eabi/lib/thumb/v7-m/nofp/libc_nano.a(libc_a-malloc.o)
 .ARM.attributes
                0x000008ab       0x2d /home/k1mch1/.platformio/packages/toolchain-gccarmnoneeabi/bin/../lib/gcc/arm-none-eabi/12.3.1/../../../../arm-none-eabi/lib/thumb/v7-m/nofp/libc_nano.a(libc_a-mallocr.o)
 .ARM.attributes
                0x000008d8       0x2d /home/k1mch1/.platformio/packages/toolchain-gccarmnoneeabi/bin/../lib/gcc/arm-none-eabi/12.3.1/../../../../arm-none-eabi/lib/thumb/v7-m/nofp/libc_nano.a(libc_a-findfp.o)
 .ARM.attributes
                0x00000905       0x2d /home/k1mch1/.platformio/packages/toolchain-gccarmnoneeabi/bin/../lib/gcc/arm-none-eabi/12.3.1/../../../../arm-none-eabi/lib/thumb/v7-m/nofp/libc_nano.a(libc_a-memset.o)
 .ARM.attributes
                0x00000932       0x2d /home/k1mch1/.platformio/packages/toolchain-gccarmnoneeabi/bin/../lib/gcc/arm-none-eabi/12.3.1/../../../../arm-none-eabi/lib/thumb/v7-m/nofp/libc_nano.a(libc_a-signal.o)
 .ARM.attributes
                0x0000095f       0x2d /home/k1mch1/.platformio/packages/toolchain-gccarmnoneeabi/bin/../lib/gcc/arm-none-eabi/12.3.1/../../../../arm-none-eabi/lib/thumb/v7-m/nofp/libc_nano.a(libc_a-reent.o)
 .ARM.attributes
                0x0000098c       0x2d /home/k1mch1/.platformio/packages/toolchain-gccarmnoneeabi/bin/../lib/gcc/arm-none-eabi/12.3.1/../../../../arm-none-eabi/lib/thumb/v7-m/nofp/libc_nano.a(libc_a-impure.o)
 .ARM.attributes
                0x000009b9       0x2d /home/k1mch1/.platformio/packages/toolchain-gccarmnoneeabi/bin/../lib/gcc/arm-none-eabi/12.3.1/../../../../arm-none-eabi/lib/thumb/v7-m/nofp/libc_nano.a(libc_a-signalr.o)
 .ARM.attributes
                0x000009e6       0x2d /home/k1mch1/.platformio/packages/toolchain-gccarmnoneeabi/bin/../lib/gcc/arm-none-eabi/12.3.1/../../../../arm-none-eabi/lib/thumb/v7-m/nofp/libc_nano.a(libc_a-init.o)
 .ARM.attributes
                0x00000a13       0x2d /home/k1mch1/.platformio/packages/toolchain-gccarmnoneeabi/bin/../lib/gcc/arm-none-eabi/12.3.1/../../../../arm-none-eabi/lib/thumb/v7-m/nofp/libc_nano.a(libc_a-memcpy-stub.o)
 .ARM.attributes
                0x00000a40       0x2d /home/k1mch1/.platformio/packages/toolchain-gccarmnoneeabi/bin/../lib/gcc/arm-none-eabi/12.3.1/../../../../arm-none-eabi/lib/thumb/v7-m/nofp/libc_nano.a(libc_a-freer.o)
 .ARM.attributes
                0x00000a6d       0x1d /home/k1mch1/.platformio/packages/toolchain-gccarmnoneeabi/bin/../lib/gcc/arm-none-eabi/12.3.1/thumb/v7-m/nofp/crtn.o
OUTPUT(.pio/build/bluepill_f103c8/firmware.elf elf32-littlearm)
LOAD linker stubs
LOAD /home/k1mch1/.platformio/packages/toolchain-gccarmnoneeabi/bin/../lib/gcc/arm-none-eabi/12.3.1/../../../../arm-none-eabi/lib/thumb/v7-m/nofp/libc.a
LOAD /home/k1mch1/.platformio/packages/toolchain-gccarmnoneeabi/bin/../lib/gcc/arm-none-eabi/12.3.1/../../../../arm-none-eabi/lib/thumb/v7-m/nofp/libm.a
LOAD /home/k1mch1/.platformio/packages/toolchain-gccarmnoneeabi/bin/../lib/gcc/arm-none-eabi/12.3.1/thumb/v7-m/nofp/libgcc.a

.comment        0x00000000       0x39
 .comment       0x00000000       0x39 /home/k1mch1/.platformio/packages/toolchain-gccarmnoneeabi/bin/../lib/gcc/arm-none-eabi/12.3.1/thumb/v7-m/nofp/crtbegin.o
                                 0x3a (size before relaxing)
 .comment       0x00000039       0x3a .pio/build/bluepill_f103c8/FrameworkArduinoVariant/PeripheralPins.c.o
 .comment       0x00000039       0x3a .pio/build/bluepill_f103c8/FrameworkArduinoVariant/variant_PILL_F103Cx.cpp.o
 .comment       0x00000039       0x3a .pio/build/bluepill_f103c8/SrcWrapper/src/HAL/stm32yyxx_hal.c.o
 .comment       0x00000039       0x3a .pio/build/bluepill_f103c8/SrcWrapper/src/HAL/stm32yyxx_hal_cortex.c.o